// Jest Snapshot v1, https://goo.gl/fbAQLP

exports[`renders homepage unchanged 1`] = `
Array [
  <div
    className="MuiPaper-root MuiPaper-none MuiCard-root stickyHeader css-1yeasr5-MuiPaper-root-MuiCard-root"
    style={
      Object {
        "backgroundColor": "#e9ecef",
      }
    }
  >
    <div
      className="MuiCardHeader-root css-18x4way-MuiCardHeader-root"
      style={
        Object {
          "textAlign": "left",
        }
      }
    >
      <div
        className="MuiCardHeader-content css-1qbkelo-MuiCardHeader-content"
      >
        <span
          className="MuiTypography-root MuiTypography-h5 MuiCardHeader-title css-1qvr50w-MuiTypography-root"
        >
          <div>
            <div
              className="name"
            >
              <a
                className="name"
                href="https://m.terms.naver.com/entry.naver?docId=1104868&cid=40942&categoryId=33380"
                underline="none"
              >
                경주 불국사
              </a>
            </div>
            <div
              className="category"
            >
              문화재
              <div
                className="titlebar"
              />
              慶州 佛國寺
            </div>
            <div
              className="btnmenu"
            >
              <div>
                <button
                  className="selectedMenu"
                  onClick={[Function]}
                >
                  전체
                </button>
              </div>
              <div>
                <button
                  className="unselectedMenu"
                  onClick={[Function]}
                >
                  기본정보
                </button>
                <div
                  className="tabbar"
                />
              </div>
              <div>
                <button
                  className="unselectedMenu"
                  onClick={[Function]}
                >
                  포토
                </button>
                <div
                  className="tabbar"
                />
              </div>
              <div>
                <a
                  href="https://m.search.naver.com/search.naver?where=m&sm=mtb_etc&mra=blZH&x_csa=%7B%22pkid%22%3A648%7D&pkid=648&os=19371944&x_nqx=%7B%22theme%22%3A%22culturalassets%22%2C%22pkid%22%3A%22648%22%2C%22os%22%3A%2219371944%22%7D&qvt=0&query=%EA%B2%BD%EC%A3%BC%20%EB%B6%88%EA%B5%AD%EC%82%AC%20%EC%A3%BC%EB%B3%80%20%EB%AC%B8%ED%99%94%EC%9E%AC"
                >
                  <button
                    className="unselectedMenu"
                  >
                    주변 문화재
                  </button>
                </a>
                <div
                  className="tabbar"
                />
              </div>
              <div>
                <a
                  href="https://m.search.naver.com/search.naver?where=m&sm=mtb_etc&mra=blZH&x_csa=%7B%22pkid%22%3A648%7D&pkid=648&os=19371944&x_nqx=%7B%22theme%22%3A%22culturalassets%22%2C%22pkid%22%3A%22648%22%2C%22os%22%3A%2219371944%22%7D&qvt=0&query=%EA%B2%BD%EC%A3%BC%20%EB%B6%88%EA%B5%AD%EC%82%AC%20%ED%95%A8%EA%BB%98%20%EC%B0%BE%EC%9D%80%20%EB%AC%B8%ED%99%94%EC%9E%AC"
                >
                  <button
                    className="unselectedMenu"
                  >
                    함께 찾은 문화재
                  </button>
                </a>
              </div>
            </div>
            <div
              className="MuiBox-root css-1kxrbkv"
            />
          </div>
        </span>
      </div>
      <div
        className="MuiCardHeader-action css-sgoict-MuiCardHeader-action"
      >
        <div>
          <button
            className="MuiButtonBase-root MuiIconButton-root MuiIconButton-sizeMedium css-bnzas2-MuiButtonBase-root-MuiIconButton-root"
            disabled={false}
            onBlur={[Function]}
            onClick={[Function]}
            onContextMenu={[Function]}
            onDragLeave={[Function]}
            onFocus={[Function]}
            onKeyDown={[Function]}
            onKeyUp={[Function]}
            onMouseDown={[Function]}
            onMouseLeave={[Function]}
            onMouseUp={[Function]}
            onTouchEnd={[Function]}
            onTouchMove={[Function]}
            onTouchStart={[Function]}
            style={
              Object {
                "backgroundColor": "transparent",
              }
            }
            tabIndex={0}
            type="button"
          >
            <svg
              aria-hidden={true}
              className="MuiSvgIcon-root MuiSvgIcon-fontSizeMedium css-i4bv87-MuiSvgIcon-root"
              data-testid="MoreVertIcon button"
              focusable="false"
              style={
                Object {
                  "color": "#BBBEC6",
                }
              }
              viewBox="0 0 24 24"
            >
              <path
                d="M12 8c1.1 0 2-.9 2-2s-.9-2-2-2-2 .9-2 2 .9 2 2 2zm0 2c-1.1 0-2 .9-2 2s.9 2 2 2 2-.9 2-2-.9-2-2-2zm0 6c-1.1 0-2 .9-2 2s.9 2 2 2 2-.9 2-2-.9-2-2-2z"
              />
            </svg>
          </button>
        </div>
      </div>
    </div>
  </div>,
  <div
    className="MuiPaper-root MuiPaper-outlined MuiCard-root contents css-1pm4fsf-MuiPaper-root-MuiCard-root"
    style={
      Object {
        "backgroundColor": "#e9ecef",
      }
    }
  >
    <div
      className="MuiPaper-root MuiPaper-elevation MuiPaper-rounded MuiPaper-elevation1 css-e71twm-MuiPaper-root"
      style={
        Object {
          "background": "#ffffff",
        }
      }
    >
      <div
        className="relimg"
      >
        <span
          className="count"
        >
          <img
            alt="num"
            className="countimg"
            color="transparent"
            src="/images/Bulguksa/imgnum.png"
          />
          30
        </span>
        <div
          className="imgscroll"
        >
          <ul
            className="imglist"
          >
            <li
              className="imgli"
            >
              <a
                href="https://m.search.naver.com/search.naver?where=m&sm=mtb_etc&mra=blZH&x_csa=%7B%22pkid%22%3A648%7D&pkid=648&os=19371944&x_nqx=%7B%22theme%22%3A%22culturalassets%22%2C%22pkid%22%3A%22648%22%2C%22os%22%3A%2219371944%22%7D&qvt=0&query=%EA%B2%BD%EC%A3%BC%20%EB%B6%88%EA%B5%AD%EC%82%AC%20%ED%8F%AC%ED%86%A0"
              >
                <div
                  className="thumb"
                >
                  <img
                    alt="scroll_0"
                    height="168px"
                    src="/images/Bulguksa/basic/1/1.jpg"
                  />
                </div>
              </a>
            </li>
            <li
              className="imgli"
            >
              <a
                href="https://m.search.naver.com/search.naver?where=m&sm=mtb_etc&mra=blZH&x_csa=%7B%22pkid%22%3A648%7D&pkid=648&os=19371944&x_nqx=%7B%22theme%22%3A%22culturalassets%22%2C%22pkid%22%3A%22648%22%2C%22os%22%3A%2219371944%22%7D&qvt=0&query=%EA%B2%BD%EC%A3%BC%20%EB%B6%88%EA%B5%AD%EC%82%AC%20%ED%8F%AC%ED%86%A0"
              >
                <div
                  className="thumb"
                >
                  <img
                    alt="scroll_1"
                    height="168px"
                    src="/images/Bulguksa/basic/1/2.jpg"
                  />
                </div>
              </a>
            </li>
            <li
              className="imgli"
            >
              <a
                href="https://m.search.naver.com/search.naver?where=m&sm=mtb_etc&mra=blZH&x_csa=%7B%22pkid%22%3A648%7D&pkid=648&os=19371944&x_nqx=%7B%22theme%22%3A%22culturalassets%22%2C%22pkid%22%3A%22648%22%2C%22os%22%3A%2219371944%22%7D&qvt=0&query=%EA%B2%BD%EC%A3%BC%20%EB%B6%88%EA%B5%AD%EC%82%AC%20%ED%8F%AC%ED%86%A0"
              >
                <div
                  className="thumb"
                >
                  <img
                    alt="scroll_2"
                    height="168px"
                    src="/images/Bulguksa/basic/1/3.jpg"
                  />
                </div>
              </a>
            </li>
            <li
              className="imgli"
            >
              <a
                href="https://m.search.naver.com/search.naver?where=m&sm=mtb_etc&mra=blZH&x_csa=%7B%22pkid%22%3A648%7D&pkid=648&os=19371944&x_nqx=%7B%22theme%22%3A%22culturalassets%22%2C%22pkid%22%3A%22648%22%2C%22os%22%3A%2219371944%22%7D&qvt=0&query=%EA%B2%BD%EC%A3%BC%20%EB%B6%88%EA%B5%AD%EC%82%AC%20%ED%8F%AC%ED%86%A0"
              >
                <div
                  className="thumb"
                >
                  <img
                    alt="scroll_3"
                    height="168px"
                    src="/images/Bulguksa/basic/1/4.jpg"
                  />
                </div>
              </a>
            </li>
            <li
              className="imgli"
            >
              <a
                href="https://m.search.naver.com/search.naver?where=m&sm=mtb_etc&mra=blZH&x_csa=%7B%22pkid%22%3A648%7D&pkid=648&os=19371944&x_nqx=%7B%22theme%22%3A%22culturalassets%22%2C%22pkid%22%3A%22648%22%2C%22os%22%3A%2219371944%22%7D&qvt=0&query=%EA%B2%BD%EC%A3%BC%20%EB%B6%88%EA%B5%AD%EC%82%AC%20%ED%8F%AC%ED%86%A0"
              >
                <div
                  className="thumb"
                >
                  <img
                    alt="scroll_4"
                    height="168px"
                    src="/images/Bulguksa/basic/1/5.jpg"
                  />
                </div>
              </a>
            </li>
            <li
              className="imgli"
            >
              <a
                href="https://m.search.naver.com/search.naver?where=m&sm=mtb_etc&mra=blZH&x_csa=%7B%22pkid%22%3A648%7D&pkid=648&os=19371944&x_nqx=%7B%22theme%22%3A%22culturalassets%22%2C%22pkid%22%3A%22648%22%2C%22os%22%3A%2219371944%22%7D&qvt=0&query=%EA%B2%BD%EC%A3%BC%20%EB%B6%88%EA%B5%AD%EC%82%AC%20%ED%8F%AC%ED%86%A0"
              >
                <div
                  className="thumb"
                >
                  <img
                    alt="scroll_5"
                    height="168px"
                    src="/images/Bulguksa/basic/1/6.jpg"
                  />
                </div>
              </a>
            </li>
            <li
              className="imgli"
            >
              <a
                href="https://m.search.naver.com/search.naver?where=m&sm=mtb_etc&mra=blZH&x_csa=%7B%22pkid%22%3A648%7D&pkid=648&os=19371944&x_nqx=%7B%22theme%22%3A%22culturalassets%22%2C%22pkid%22%3A%22648%22%2C%22os%22%3A%2219371944%22%7D&qvt=0&query=%EA%B2%BD%EC%A3%BC%20%EB%B6%88%EA%B5%AD%EC%82%AC%20%ED%8F%AC%ED%86%A0"
              >
                <div
                  className="thumb"
                >
                  <img
                    alt="scroll_6"
                    height="168px"
                    src="/images/Bulguksa/basic/1/7.jpg"
                  />
                </div>
              </a>
            </li>
            <li
              className="imgli"
            >
              <a
                href="https://m.search.naver.com/search.naver?where=m&sm=mtb_etc&mra=blZH&x_csa=%7B%22pkid%22%3A648%7D&pkid=648&os=19371944&x_nqx=%7B%22theme%22%3A%22culturalassets%22%2C%22pkid%22%3A%22648%22%2C%22os%22%3A%2219371944%22%7D&qvt=0&query=%EA%B2%BD%EC%A3%BC%20%EB%B6%88%EA%B5%AD%EC%82%AC%20%ED%8F%AC%ED%86%A0"
              >
                <div
                  className="thumb"
                >
                  <img
                    alt="scroll_7"
                    height="168px"
                    src="/images/Bulguksa/basic/1/8.jpg"
                  />
                </div>
              </a>
            </li>
            <li
              className="imgli"
            >
              <a
                href="https://m.search.naver.com/search.naver?where=m&sm=mtb_etc&mra=blZH&x_csa=%7B%22pkid%22%3A648%7D&pkid=648&os=19371944&x_nqx=%7B%22theme%22%3A%22culturalassets%22%2C%22pkid%22%3A%22648%22%2C%22os%22%3A%2219371944%22%7D&qvt=0&query=%EA%B2%BD%EC%A3%BC%20%EB%B6%88%EA%B5%AD%EC%82%AC%20%ED%8F%AC%ED%86%A0"
              >
                <div
                  className="thumb"
                >
                  <img
                    alt="scroll_8"
                    height="168px"
                    src="/images/Bulguksa/basic/1/9.jpg"
                  />
                </div>
              </a>
            </li>
            <li
              className="imgli"
            >
              <a
                href="https://m.search.naver.com/search.naver?where=m&sm=mtb_etc&mra=blZH&x_csa=%7B%22pkid%22%3A648%7D&pkid=648&os=19371944&x_nqx=%7B%22theme%22%3A%22culturalassets%22%2C%22pkid%22%3A%22648%22%2C%22os%22%3A%2219371944%22%7D&qvt=0&query=%EA%B2%BD%EC%A3%BC%20%EB%B6%88%EA%B5%AD%EC%82%AC%20%ED%8F%AC%ED%86%A0"
              >
                <div
                  className="thumb"
                >
                  <img
                    alt="scroll_9"
                    height="168px"
                    src="/images/Bulguksa/basic/1/10.jpg"
                  />
                </div>
              </a>
            </li>
          </ul>
        </div>
      </div>
      <div
        className="middletitle"
      >
        <a
          className="morelink"
          href="https://m.search.naver.com/search.naver?where=m&sm=mtb_etc&mra=blZH&x_csa=%7B%22isOpen%22%3Atrue%2C%22pkid%22%3A648%7D&pkid=648&os=19371944&x_nqx=%7B%22theme%22%3A%22culturalassets%22%2C%22pkid%22%3A%22648%22%2C%22os%22%3A%2219371944%22%7D&qvt=0&query=%EA%B2%BD%EC%A3%BC%20%EB%B6%88%EA%B5%AD%EC%82%AC%20%EA%B8%B0%EB%B3%B8%EC%A0%95%EB%B3%B4"
        >
          <h3
            className="morelinktitle"
          >
            기본정보
          </h3>
          <img
            alt="기본정보"
            className="morelinkicon"
            src="/images/Bulguksa/more.png"
          />
        </a>
      </div>
      <div
        className="detailinfo"
      >
        <dl
          className="infotxt"
        >
          <div
            className="infogroup"
          >
            <dt
              className="infodt"
            >
              <span
                className="bar"
              />
              지정종목
            </dt>
            <dd
              className="infodd"
            >
              사적
            </dd>
          </div>
          <div
            className="infogroup"
          >
            <dt
              className="infodt"
            >
              <span
                className="bar"
              />
              지정일
            </dt>
            <dd
              className="infodd"
            >
              2009년 12월 21일
            </dd>
          </div>
          <div
            className="infogroup"
          >
            <dt
              className="infodt"
            >
              <span
                className="bar"
              />
              소재지
            </dt>
            <dd
              className="infodd"
            >
              <a
                href="http://map.naver.com?title=%EA%B2%BD%EC%A3%BC%20%EB%B6%88%EA%B5%AD%EC%82%AC&y=35.7862812&x=129.3298991"
              >
                경북 경주시 불국로 385, 등 (진현동)
              </a>
            </dd>
          </div>
          <div
            className="infogroup"
          >
            <dt
              className="infodt"
            >
              <span
                className="bar"
              />
              시대
            </dt>
            <dd
              className="infodd"
            >
              통일신라
            </dd>
          </div>
          <div
            className="infogroup"
          >
            <dt
              className="infodt"
            >
              <span
                className="bar"
              />
              종류/분류
            </dt>
            <dd
              className="infodd"
            >
              사찰
            </dd>
          </div>
          <div
            className="infogroup"
          >
            <dt
              className="infodt"
            >
              <span
                className="bar"
              />
              크기
            </dt>
            <dd
              className="infodd"
            >
              면적 409,315㎡
            </dd>
          </div>
        </dl>
      </div>
      <div
        className="textexpand"
      >
        경북 경주시 진현동 토함산 기슭에 있는 신라시대 절. 사적이다.
      </div>
      <div
        className="btnArea"
      >
        <a
          className="mapbtnArea"
          href="http://map.naver.com?title=%EA%B2%BD%EC%A3%BC%20%EB%B6%88%EA%B5%AD%EC%82%AC&y=35.7862812&x=129.3298991"
        >
          <img
            alt="map_button"
            className="mapIcon"
            src="/icons/map.png"
          />
          지도
        </a>
        <a
          className="sharebtnArea"
          onClick={[Function]}
        >
          <img
            alt="share_button"
            className="shareIcon"
            src="/icons/share.png"
          />
        </a>
      </div>
    </div>
    <div
      className="MuiPaper-root MuiPaper-elevation MuiPaper-rounded MuiPaper-elevation1 css-12txii2-MuiPaper-root"
      style={
        Object {
          "background": "#ffffff",
        }
      }
    >
      <div
        className="middletitle"
      >
        <a
          className="morelink"
          href="https://m.search.naver.com/search.naver?where=m&sm=mtb_etc&mra=blZH&x_csa=%7B%22isOpen%22%3Atrue%2C%22pkid%22%3A648%7D&pkid=648&os=19371944&x_nqx=%7B%22theme%22%3A%22culturalassets%22%2C%22pkid%22%3A%22648%22%2C%22os%22%3A%2219371944%22%7D&qvt=0&query=%EA%B2%BD%EC%A3%BC%20%EB%B6%88%EA%B5%AD%EC%82%AC%20%EC%A3%BC%EB%B3%80%20%EB%AC%B8%ED%99%94%EC%9E%AC"
        >
          <h3
            className="morelinktitle"
          >
            주변 문화재
          </h3>
          <img
            alt="주변 문화재"
            className="morelinkicon"
            src="/images/Bulguksa/more.png"
          />
        </a>
      </div>
      <div
        className="scrollbox"
      >
        <div
          className="listinfo"
        >
          <ul
            className="infoul"
          >
            <li>
              <div
                className="areacard"
              >
                <a
                  href="https://m.search.naver.com/search.naver?where=m&sm=mtb_etc&mra=blZH&x_csa=%7B%22pkid%22%3A648%7D&pkid=648&os=19371948&x_nqx=%7B%22theme%22%3A%22culturalassets%22%2C%22pkid%22%3A%22648%22%2C%22os%22%3A%2219371948%22%7D&qvt=0&query=%EA%B2%BD%EC%A3%BC%20%EB%B6%88%EA%B5%AD%EC%82%AC%20%EC%82%AC%EB%A6%AC%ED%83%91"
                >
                  <img
                    alt="경주 불국사 사리탑 img"
                    height="87px"
                    src="/images/Bulguksa/basic/2/1.jpg"
                    width="87px"
                  />
                </a>
                <div
                  className="titlebox"
                >
                  <a
                    className="name"
                    href="https://m.search.naver.com/search.naver?where=m&sm=mtb_etc&mra=blZH&x_csa=%7B%22pkid%22%3A648%7D&pkid=648&os=19371948&x_nqx=%7B%22theme%22%3A%22culturalassets%22%2C%22pkid%22%3A%22648%22%2C%22os%22%3A%2219371948%22%7D&qvt=0&query=%EA%B2%BD%EC%A3%BC%20%EB%B6%88%EA%B5%AD%EC%82%AC%20%EC%82%AC%EB%A6%AC%ED%83%91"
                  >
                    경주 불국사 사리탑
                  </a>
                  <span
                    className="subtext"
                  >
                    두산백과
                  </span>
                </div>
              </div>
            </li>
            <li>
              <div
                className="areacard"
              >
                <a
                  href="https://m.search.naver.com/search.naver?where=m&sm=mtb_etc&mra=blZH&x_csa=%7B%22pkid%22%3A648%7D&pkid=648&os=19371947&x_nqx=%7B%22theme%22%3A%22culturalassets%22%2C%22pkid%22%3A%22648%22%2C%22os%22%3A%2219371947%22%7D&qvt=0&query=%EA%B2%BD%EC%A3%BC%20%EB%B6%88%EA%B5%AD%EC%82%AC%20%EB%8B%A4%EB%B3%B4%ED%83%91"
                >
                  <img
                    alt="경주 불국사 다보탑 img"
                    height="87px"
                    src="/images/Bulguksa/basic/2/2.jpg"
                    width="87px"
                  />
                </a>
                <div
                  className="titlebox"
                >
                  <a
                    className="name"
                    href="https://m.search.naver.com/search.naver?where=m&sm=mtb_etc&mra=blZH&x_csa=%7B%22pkid%22%3A648%7D&pkid=648&os=19371947&x_nqx=%7B%22theme%22%3A%22culturalassets%22%2C%22pkid%22%3A%22648%22%2C%22os%22%3A%2219371947%22%7D&qvt=0&query=%EA%B2%BD%EC%A3%BC%20%EB%B6%88%EA%B5%AD%EC%82%AC%20%EB%8B%A4%EB%B3%B4%ED%83%91"
                  >
                    경주 불국사 다보탑
                  </a>
                  <span
                    className="subtext"
                  >
                    두산백과
                  </span>
                </div>
              </div>
            </li>
            <li>
              <div
                className="areacard"
              >
                <a
                  href="https://m.search.naver.com/search.naver?where=m&sm=mtb_etc&mra=blZH&x_csa=%7B%22pkid%22%3A648%7D&pkid=648&os=19371949&x_nqx=%7B%22theme%22%3A%22culturalassets%22%2C%22pkid%22%3A%22648%22%2C%22os%22%3A%2219371949%22%7D&qvt=0&query=%EA%B2%BD%EC%A3%BC%20%EB%B6%88%EA%B5%AD%EC%82%AC%20%EC%97%B0%ED%99%94%EA%B5%90%20%EB%B0%8F%20%EC%B9%A0%EB%B3%B4%EA%B5%90"
                >
                  <img
                    alt="경주 불국사 연화교 및 칠보교 img"
                    height="87px"
                    src="/images/Bulguksa/basic/2/3.jpg"
                    width="87px"
                  />
                </a>
                <div
                  className="titlebox"
                >
                  <a
                    className="name"
                    href="https://m.search.naver.com/search.naver?where=m&sm=mtb_etc&mra=blZH&x_csa=%7B%22pkid%22%3A648%7D&pkid=648&os=19371949&x_nqx=%7B%22theme%22%3A%22culturalassets%22%2C%22pkid%22%3A%22648%22%2C%22os%22%3A%2219371949%22%7D&qvt=0&query=%EA%B2%BD%EC%A3%BC%20%EB%B6%88%EA%B5%AD%EC%82%AC%20%EC%97%B0%ED%99%94%EA%B5%90%20%EB%B0%8F%20%EC%B9%A0%EB%B3%B4%EA%B5%90"
                  >
                    경주 불국사 연화교 및 칠보교
                  </a>
                  <span
                    className="subtext"
                  >
                    두산백과
                  </span>
                </div>
              </div>
            </li>
            <li>
              <div
                className="areacard"
              >
                <a
                  href="https://m.search.naver.com/search.naver?where=m&sm=mtb_etc&mra=blZH&x_csa=%7B%22pkid%22%3A648%7D&pkid=648&os=19371950&x_nqx=%7B%22theme%22%3A%22culturalassets%22%2C%22pkid%22%3A%22648%22%2C%22os%22%3A%2219371950%22%7D&qvt=0&query=%EA%B2%BD%EC%A3%BC%20%EB%B6%88%EA%B5%AD%EC%82%AC%20%EC%B2%AD%EC%9A%B4%EA%B5%90%20%EB%B0%8F%20%EB%B0%B1%EC%9A%B4%EA%B5%90"
                >
                  <img
                    alt="경주 불국사 청운교 및 백운교 img"
                    height="87px"
                    src="/images/Bulguksa/basic/2/4.jpg"
                    width="87px"
                  />
                </a>
                <div
                  className="titlebox"
                >
                  <a
                    className="name"
                    href="https://m.search.naver.com/search.naver?where=m&sm=mtb_etc&mra=blZH&x_csa=%7B%22pkid%22%3A648%7D&pkid=648&os=19371950&x_nqx=%7B%22theme%22%3A%22culturalassets%22%2C%22pkid%22%3A%22648%22%2C%22os%22%3A%2219371950%22%7D&qvt=0&query=%EA%B2%BD%EC%A3%BC%20%EB%B6%88%EA%B5%AD%EC%82%AC%20%EC%B2%AD%EC%9A%B4%EA%B5%90%20%EB%B0%8F%20%EB%B0%B1%EC%9A%B4%EA%B5%90"
                  >
                    경주 불국사 청운교 및 백운교
                  </a>
                  <span
                    className="subtext"
                  >
                    두산백과
                  </span>
                </div>
              </div>
            </li>
            <li>
              <div
                className="areacard"
              >
                <a
                  href="https://m.search.naver.com/search.naver?where=m&sm=mtb_etc&mra=blZH&x_csa=%7B%22pkid%22%3A648%7D&pkid=648&os=19395172&x_nqx=%7B%22theme%22%3A%22culturalassets%22%2C%22pkid%22%3A%22648%22%2C%22os%22%3A%2219395172%22%7D&qvt=0&query=%EA%B2%BD%EC%A3%BC%20%EB%B6%88%EA%B5%AD%EC%82%AC%20%EC%82%BC%EC%B8%B5%EC%84%9D%ED%83%91"
                >
                  <img
                    alt="경주 불국사 삼층석탑 img"
                    height="87px"
                    src="/images/Bulguksa/basic/2/5.jpg"
                    width="87px"
                  />
                </a>
                <div
                  className="titlebox"
                >
                  <a
                    className="name"
                    href="https://m.search.naver.com/search.naver?where=m&sm=mtb_etc&mra=blZH&x_csa=%7B%22pkid%22%3A648%7D&pkid=648&os=19395172&x_nqx=%7B%22theme%22%3A%22culturalassets%22%2C%22pkid%22%3A%22648%22%2C%22os%22%3A%2219395172%22%7D&qvt=0&query=%EA%B2%BD%EC%A3%BC%20%EB%B6%88%EA%B5%AD%EC%82%AC%20%EC%82%BC%EC%B8%B5%EC%84%9D%ED%83%91"
                  >
                    경주 불국사 삼층석탑
                  </a>
                  <span
                    className="subtext"
                  >
                    두산백과
                  </span>
                </div>
              </div>
            </li>
            <li>
              <div
                className="areacard"
              >
                <a
                  href="https://m.search.naver.com/search.naver?where=m&sm=mtb_etc&mra=blZH&x_csa=%7B%22pkid%22%3A648%7D&pkid=648&os=19371234&x_nqx=%7B%22theme%22%3A%22culturalassets%22%2C%22pkid%22%3A%22648%22%2C%22os%22%3A%2219371234%22%7D&qvt=0&query=%EA%B2%BD%EC%A3%BC%20%EB%A7%88%EB%8F%99%20%EC%82%BC%EC%B8%B5%EC%84%9D%ED%83%91"
                >
                  <img
                    alt="경주 마동 삼층석탑 img"
                    height="87px"
                    src="/images/Bulguksa/basic/2/6.jpg"
                    width="87px"
                  />
                </a>
                <div
                  className="titlebox"
                >
                  <a
                    className="name"
                    href="https://m.search.naver.com/search.naver?where=m&sm=mtb_etc&mra=blZH&x_csa=%7B%22pkid%22%3A648%7D&pkid=648&os=19371234&x_nqx=%7B%22theme%22%3A%22culturalassets%22%2C%22pkid%22%3A%22648%22%2C%22os%22%3A%2219371234%22%7D&qvt=0&query=%EA%B2%BD%EC%A3%BC%20%EB%A7%88%EB%8F%99%20%EC%82%BC%EC%B8%B5%EC%84%9D%ED%83%91"
                  >
                    경주 마동 삼층석탑
                  </a>
                  <span
                    className="subtext"
                  >
                    두산백과
                  </span>
                </div>
              </div>
            </li>
            <li>
              <div
                className="areacard"
              >
                <a
                  href="https://m.search.naver.com/search.naver?where=m&sm=mtb_etc&mra=blZH&x_csa=%7B%22pkid%22%3A648%7D&pkid=648&os=19372050&x_nqx=%7B%22theme%22%3A%22culturalassets%22%2C%22pkid%22%3A%22648%22%2C%22os%22%3A%2219372050%22%7D&qvt=0&query=%EA%B2%BD%EC%A3%BC%20%EC%84%9D%EA%B5%B4%EC%95%94%20%EC%84%9D%EA%B5%B4"
                >
                  <img
                    alt="경주 석굴암 석굴 img"
                    height="87px"
                    src="/images/Bulguksa/basic/2/7.jpg"
                    width="87px"
                  />
                </a>
                <div
                  className="titlebox"
                >
                  <a
                    className="name"
                    href="https://m.search.naver.com/search.naver?where=m&sm=mtb_etc&mra=blZH&x_csa=%7B%22pkid%22%3A648%7D&pkid=648&os=19372050&x_nqx=%7B%22theme%22%3A%22culturalassets%22%2C%22pkid%22%3A%22648%22%2C%22os%22%3A%2219372050%22%7D&qvt=0&query=%EA%B2%BD%EC%A3%BC%20%EC%84%9D%EA%B5%B4%EC%95%94%20%EC%84%9D%EA%B5%B4"
                  >
                    경주 석굴암 석굴
                  </a>
                  <span
                    className="subtext"
                  >
                    두산백과
                  </span>
                </div>
              </div>
            </li>
            <li>
              <div
                className="areacard"
              >
                <a
                  href="https://m.search.naver.com/search.naver?where=m&sm=mtb_etc&mra=blZH&x_csa=%7B%22pkid%22%3A648%7D&pkid=648&os=19375990&x_nqx=%7B%22theme%22%3A%22culturalassets%22%2C%22pkid%22%3A%22648%22%2C%22os%22%3A%2219375990%22%7D&qvt=0&query=%EC%88%98%EB%B4%89%EC%A0%95"
                >
                  <img
                    alt="수봉정 img"
                    height="87px"
                    src="/images/Bulguksa/basic/2/8.jpg"
                    width="87px"
                  />
                </a>
                <div
                  className="titlebox"
                >
                  <a
                    className="name"
                    href="https://m.search.naver.com/search.naver?where=m&sm=mtb_etc&mra=blZH&x_csa=%7B%22pkid%22%3A648%7D&pkid=648&os=19375990&x_nqx=%7B%22theme%22%3A%22culturalassets%22%2C%22pkid%22%3A%22648%22%2C%22os%22%3A%2219375990%22%7D&qvt=0&query=%EC%88%98%EB%B4%89%EC%A0%95"
                  >
                    수봉정
                  </a>
                  <span
                    className="subtext"
                  >
                    두산백과
                  </span>
                </div>
              </div>
            </li>
            <li>
              <div
                className="areacard"
              >
                <a
                  href="https://m.search.naver.com/search.naver?where=m&sm=mtb_etc&mra=blZH&x_csa=%7B%22pkid%22%3A648%7D&pkid=648&os=19376339&x_nqx=%7B%22theme%22%3A%22culturalassets%22%2C%22pkid%22%3A%22648%22%2C%22os%22%3A%2219376339%22%7D&qvt=0&query=%EA%B0%90%EC%82%B0%EC%82%AC%EC%A7%80%20%EC%82%BC%EC%B8%B5%EC%84%9D%ED%83%91"
                >
                  <img
                    alt="감산사지 삼층석탑 img"
                    height="87px"
                    src="/images/Bulguksa/basic/2/9.jpg"
                    width="87px"
                  />
                </a>
                <div
                  className="titlebox"
                >
                  <a
                    className="name"
                    href="https://m.search.naver.com/search.naver?where=m&sm=mtb_etc&mra=blZH&x_csa=%7B%22pkid%22%3A648%7D&pkid=648&os=19376339&x_nqx=%7B%22theme%22%3A%22culturalassets%22%2C%22pkid%22%3A%22648%22%2C%22os%22%3A%2219376339%22%7D&qvt=0&query=%EA%B0%90%EC%82%B0%EC%82%AC%EC%A7%80%20%EC%82%BC%EC%B8%B5%EC%84%9D%ED%83%91"
                  >
                    감산사지 삼층석탑
                  </a>
                  <span
                    className="subtext"
                  >
                    두산백과
                  </span>
                </div>
              </div>
            </li>
            <li>
              <div
                className="areacard"
              >
                <a
                  href="https://m.search.naver.com/search.naver?where=m&sm=mtb_etc&mra=blZH&x_csa=%7B%22pkid%22%3A648%7D&pkid=648&os=19373294&x_nqx=%7B%22theme%22%3A%22culturalassets%22%2C%22pkid%22%3A%22648%22%2C%22os%22%3A%2219373294%22%7D&qvt=0&query=%EA%B2%BD%EC%A3%BC%20%EA%B5%AC%EC%A0%95%EB%8F%99%20%EA%B3%A0%EB%B6%84%EA%B5%B0"
                >
                  <img
                    alt="경주 구정동 고분군 img"
                    height="87px"
                    src="/images/Bulguksa/basic/2/10.jpg"
                    width="87px"
                  />
                </a>
                <div
                  className="titlebox"
                >
                  <a
                    className="name"
                    href="https://m.search.naver.com/search.naver?where=m&sm=mtb_etc&mra=blZH&x_csa=%7B%22pkid%22%3A648%7D&pkid=648&os=19373294&x_nqx=%7B%22theme%22%3A%22culturalassets%22%2C%22pkid%22%3A%22648%22%2C%22os%22%3A%2219373294%22%7D&qvt=0&query=%EA%B2%BD%EC%A3%BC%20%EA%B5%AC%EC%A0%95%EB%8F%99%20%EA%B3%A0%EB%B6%84%EA%B5%B0"
                  >
                    경주 구정동 고분군
                  </a>
                  <span
                    className="subtext"
                  >
                    두산백과
                  </span>
                </div>
              </div>
            </li>
          </ul>
        </div>
      </div>
    </div>
  </div>,
]
`;
