// Jest Snapshot v1, https://goo.gl/fbAQLP

exports[`renders homepage unchanged 1`] = `
Array [
  <div
    className="MuiPaper-root MuiPaper-outlined MuiCard-root css-b4hzzr-MuiPaper-root-MuiCard-root"
  >
    <div
      className="MuiCardHeader-root api_title_area css-185gdzj-MuiCardHeader-root"
      style={
        Object {
          "textAlign": "left",
        }
      }
    >
      <div
        className="MuiCardHeader-content css-1qbkelo-MuiCardHeader-content"
      >
        <h2
          className="MuiTypography-root MuiTypography-h2 css-gjbjrz-MuiTypography-root"
          style={
            Object {
              "fontSize": 17,
            }
          }
        >
          <b>
            이미지
          </b>
        </h2>
      </div>
    </div>
    <div
      className="MuiPaper-root MuiPaper-elevation MuiPaper-elevation1 group_option_tag_wrap css-4z9bxz-MuiPaper-root"
      style={
        Object {
          "backgroundColor": "#f5f7f8",
          "borderBlock": "1px solid rgb(236, 240, 242)",
          "boxShadow": "none",
          "height": 83,
          "overflow": "auto",
        }
      }
    >
      <div
        className="MuiGrid-root MuiGrid-container MuiGrid-spacing-xs-undefined css-1vam7s3-MuiGrid-root"
        style={
          Object {
            "minHeight": 66,
          }
        }
      >
        <div
          className="css-w4z10b-MuiStack-root"
          style={
            Object {
              "paddingLeft": 12,
              "paddingRight": 12,
            }
          }
        >
          <a
            className="MuiButtonBase-root MuiChip-root MuiChip-outlined MuiChip-sizeMedium MuiChip-colorDefault MuiChip-clickable MuiChip-clickableColorDefault MuiChip-outlinedDefault css-1bqglf0-MuiButtonBase-root-MuiChip-root"
            href="https://m.search.naver.com/search.naver?where=m_image&mode=imgonly&nso=so%3Ar%2Ca%3Aall%2Cp%3Aall&sm=mtb_imt&query=%ED%94%84%EB%9E%91%EC%8A%A4%20%ED%8C%8C%EB%A6%AC&pq=%ED%8C%8C%EB%A6%AC"
            onBlur={[Function]}
            onContextMenu={[Function]}
            onDragLeave={[Function]}
            onFocus={[Function]}
            onKeyDown={[Function]}
            onKeyUp={[Function]}
            onMouseDown={[Function]}
            onMouseLeave={[Function]}
            onMouseUp={[Function]}
            onTouchEnd={[Function]}
            onTouchMove={[Function]}
            onTouchStart={[Function]}
            tabIndex={0}
          >
            <div
              className="MuiAvatar-root MuiAvatar-circular MuiChip-avatar MuiChip-avatarMedium MuiChip-avatarColorDefault css-1wlk0hk-MuiAvatar-root"
            >
              <img
                className="MuiAvatar-img css-1pqm26d-MuiAvatar-img"
                src="/images/photos/photos_tag_images/paris_tag1.png"
              />
            </div>
            <span
              className="MuiChip-label MuiChip-labelMedium css-6od3lo-MuiChip-label"
            >
              프랑스
            </span>
          </a>
          <a
            className="MuiButtonBase-root MuiChip-root MuiChip-outlined MuiChip-sizeMedium MuiChip-colorDefault MuiChip-clickable MuiChip-clickableColorDefault MuiChip-outlinedDefault css-1bqglf0-MuiButtonBase-root-MuiChip-root"
            href="https://m.search.naver.com/search.naver?where=m_image&mode=imgonly&nso=so%3Ar%2Ca%3Aall%2Cp%3Aall&sm=mtb_imt&query=%ED%8C%8C%EB%A6%AC%20%EA%B5%AD%EA%B8%B0&pq=%ED%8C%8C%EB%A6%AC"
            onBlur={[Function]}
            onContextMenu={[Function]}
            onDragLeave={[Function]}
            onFocus={[Function]}
            onKeyDown={[Function]}
            onKeyUp={[Function]}
            onMouseDown={[Function]}
            onMouseLeave={[Function]}
            onMouseUp={[Function]}
            onTouchEnd={[Function]}
            onTouchMove={[Function]}
            onTouchStart={[Function]}
            tabIndex={0}
          >
            <div
              className="MuiAvatar-root MuiAvatar-circular MuiChip-avatar MuiChip-avatarMedium MuiChip-avatarColorDefault css-1wlk0hk-MuiAvatar-root"
            >
              <img
                className="MuiAvatar-img css-1pqm26d-MuiAvatar-img"
                src="/images/photos/photos_tag_images/paris_tag2.png"
              />
            </div>
            <span
              className="MuiChip-label MuiChip-labelMedium css-6od3lo-MuiChip-label"
            >
              국기
            </span>
          </a>
          <a
            className="MuiButtonBase-root MuiChip-root MuiChip-outlined MuiChip-sizeMedium MuiChip-colorDefault MuiChip-clickable MuiChip-clickableColorDefault MuiChip-outlinedDefault css-1bqglf0-MuiButtonBase-root-MuiChip-root"
            href="https://m.search.naver.com/search.naver?where=m_image&mode=imgonly&nso=so%3Ar%2Ca%3Aall%2Cp%3Aall&sm=mtb_imt&query=%ED%8C%8C%EB%A6%AC%20%EC%A7%80%EB%8F%84&pq=%ED%8C%8C%EB%A6%AC"
            onBlur={[Function]}
            onContextMenu={[Function]}
            onDragLeave={[Function]}
            onFocus={[Function]}
            onKeyDown={[Function]}
            onKeyUp={[Function]}
            onMouseDown={[Function]}
            onMouseLeave={[Function]}
            onMouseUp={[Function]}
            onTouchEnd={[Function]}
            onTouchMove={[Function]}
            onTouchStart={[Function]}
            tabIndex={0}
          >
            <div
              className="MuiAvatar-root MuiAvatar-circular MuiChip-avatar MuiChip-avatarMedium MuiChip-avatarColorDefault css-1wlk0hk-MuiAvatar-root"
            >
              <img
                className="MuiAvatar-img css-1pqm26d-MuiAvatar-img"
                src="/images/photos/photos_tag_images/paris_tag3.png"
              />
            </div>
            <span
              className="MuiChip-label MuiChip-labelMedium css-6od3lo-MuiChip-label"
            >
              지도
            </span>
          </a>
          <a
            className="MuiButtonBase-root MuiChip-root MuiChip-outlined MuiChip-sizeMedium MuiChip-colorDefault MuiChip-clickable MuiChip-clickableColorDefault MuiChip-outlinedDefault css-1bqglf0-MuiButtonBase-root-MuiChip-root"
            href="https://m.search.naver.com/search.naver?where=m_image&mode=imgonly&nso=so%3Ar%2Ca%3Aall%2Cp%3Aall&sm=mtb_imt&query=%ED%8C%8C%EB%A6%AC%20%EC%83%9D%EC%A0%9C%EB%A5%B4%EB%A7%B9&pq=%ED%8C%8C%EB%A6%AC"
            onBlur={[Function]}
            onContextMenu={[Function]}
            onDragLeave={[Function]}
            onFocus={[Function]}
            onKeyDown={[Function]}
            onKeyUp={[Function]}
            onMouseDown={[Function]}
            onMouseLeave={[Function]}
            onMouseUp={[Function]}
            onTouchEnd={[Function]}
            onTouchMove={[Function]}
            onTouchStart={[Function]}
            tabIndex={0}
          >
            <div
              className="MuiAvatar-root MuiAvatar-circular MuiChip-avatar MuiChip-avatarMedium MuiChip-avatarColorDefault css-1wlk0hk-MuiAvatar-root"
            >
              <img
                className="MuiAvatar-img css-1pqm26d-MuiAvatar-img"
                src="/images/photos/photos_tag_images/paris_tag4.png"
              />
            </div>
            <span
              className="MuiChip-label MuiChip-labelMedium css-6od3lo-MuiChip-label"
            >
              생제르맹
            </span>
          </a>
          <a
            className="MuiButtonBase-root MuiChip-root MuiChip-outlined MuiChip-sizeMedium MuiChip-colorDefault MuiChip-clickable MuiChip-clickableColorDefault MuiChip-outlinedDefault css-1bqglf0-MuiButtonBase-root-MuiChip-root"
            href="https://m.search.naver.com/search.naver?where=m_image&mode=imgonly&nso=so%3Ar%2Ca%3Aall%2Cp%3Aall&sm=mtb_imt&query=%ED%8C%8C%EB%A6%AC%20%EC%97%90%ED%8E%A0%ED%83%91&pq=%ED%8C%8C%EB%A6%AC"
            onBlur={[Function]}
            onContextMenu={[Function]}
            onDragLeave={[Function]}
            onFocus={[Function]}
            onKeyDown={[Function]}
            onKeyUp={[Function]}
            onMouseDown={[Function]}
            onMouseLeave={[Function]}
            onMouseUp={[Function]}
            onTouchEnd={[Function]}
            onTouchMove={[Function]}
            onTouchStart={[Function]}
            tabIndex={0}
          >
            <div
              className="MuiAvatar-root MuiAvatar-circular MuiChip-avatar MuiChip-avatarMedium MuiChip-avatarColorDefault css-1wlk0hk-MuiAvatar-root"
            >
              <img
                className="MuiAvatar-img css-1pqm26d-MuiAvatar-img"
                src="/images/photos/photos_tag_images/paris_tag5.png"
              />
            </div>
            <span
              className="MuiChip-label MuiChip-labelMedium css-6od3lo-MuiChip-label"
            >
              에펠탑
            </span>
          </a>
          <a
            className="MuiButtonBase-root MuiChip-root MuiChip-outlined MuiChip-sizeMedium MuiChip-colorDefault MuiChip-clickable MuiChip-clickableColorDefault MuiChip-outlinedDefault css-1bqglf0-MuiButtonBase-root-MuiChip-root"
            href="https://m.search.naver.com/search.naver?where=m_image&mode=imgonly&nso=so%3Ar%2Ca%3Aall%2Cp%3Aall&sm=mtb_imt&query=%ED%8C%8C%EB%A6%AC%20%EC%95%BC%EA%B2%BD&pq=%ED%8C%8C%EB%A6%AC"
            onBlur={[Function]}
            onContextMenu={[Function]}
            onDragLeave={[Function]}
            onFocus={[Function]}
            onKeyDown={[Function]}
            onKeyUp={[Function]}
            onMouseDown={[Function]}
            onMouseLeave={[Function]}
            onMouseUp={[Function]}
            onTouchEnd={[Function]}
            onTouchMove={[Function]}
            onTouchStart={[Function]}
            tabIndex={0}
          >
            <div
              className="MuiAvatar-root MuiAvatar-circular MuiChip-avatar MuiChip-avatarMedium MuiChip-avatarColorDefault css-1wlk0hk-MuiAvatar-root"
            >
              <img
                className="MuiAvatar-img css-1pqm26d-MuiAvatar-img"
                src="/images/photos/photos_tag_images/paris_tag6.png"
              />
            </div>
            <span
              className="MuiChip-label MuiChip-labelMedium css-6od3lo-MuiChip-label"
            >
              야경
            </span>
          </a>
          <a
            className="MuiButtonBase-root MuiChip-root MuiChip-outlined MuiChip-sizeMedium MuiChip-colorDefault MuiChip-clickable MuiChip-clickableColorDefault MuiChip-outlinedDefault css-1bqglf0-MuiButtonBase-root-MuiChip-root"
            href="https://m.search.naver.com/search.naver?where=m_image&mode=imgonly&nso=so%3Ar%2Ca%3Aall%2Cp%3Aall&sm=mtb_imt&query=%ED%8C%8C%EB%A6%AC%20%EC%97%AC%ED%96%89&pq=%ED%8C%8C%EB%A6%AC"
            onBlur={[Function]}
            onContextMenu={[Function]}
            onDragLeave={[Function]}
            onFocus={[Function]}
            onKeyDown={[Function]}
            onKeyUp={[Function]}
            onMouseDown={[Function]}
            onMouseLeave={[Function]}
            onMouseUp={[Function]}
            onTouchEnd={[Function]}
            onTouchMove={[Function]}
            onTouchStart={[Function]}
            tabIndex={0}
          >
            <div
              className="MuiAvatar-root MuiAvatar-circular MuiChip-avatar MuiChip-avatarMedium MuiChip-avatarColorDefault css-1wlk0hk-MuiAvatar-root"
            >
              <img
                className="MuiAvatar-img css-1pqm26d-MuiAvatar-img"
                src="/images/photos/photos_tag_images/paris_tag7.jpeg"
              />
            </div>
            <span
              className="MuiChip-label MuiChip-labelMedium css-6od3lo-MuiChip-label"
            >
              여행
            </span>
          </a>
          <a
            className="MuiButtonBase-root MuiChip-root MuiChip-outlined MuiChip-sizeMedium MuiChip-colorDefault MuiChip-clickable MuiChip-clickableColorDefault MuiChip-outlinedDefault css-1bqglf0-MuiButtonBase-root-MuiChip-root"
            href="https://m.search.naver.com/search.naver?where=m_image&mode=imgonly&nso=so%3Ar%2Ca%3Aall%2Cp%3Aall&sm=mtb_imt&query=%ED%8C%8C%EB%A6%AC%20%EA%B4%80%EA%B4%91%EC%A7%80&pq=%ED%8C%8C%EB%A6%AC"
            onBlur={[Function]}
            onContextMenu={[Function]}
            onDragLeave={[Function]}
            onFocus={[Function]}
            onKeyDown={[Function]}
            onKeyUp={[Function]}
            onMouseDown={[Function]}
            onMouseLeave={[Function]}
            onMouseUp={[Function]}
            onTouchEnd={[Function]}
            onTouchMove={[Function]}
            onTouchStart={[Function]}
            tabIndex={0}
          >
            <div
              className="MuiAvatar-root MuiAvatar-circular MuiChip-avatar MuiChip-avatarMedium MuiChip-avatarColorDefault css-1wlk0hk-MuiAvatar-root"
            >
              <img
                className="MuiAvatar-img css-1pqm26d-MuiAvatar-img"
                src="/images/photos/photos_tag_images/paris_tag8.jpeg"
              />
            </div>
            <span
              className="MuiChip-label MuiChip-labelMedium css-6od3lo-MuiChip-label"
            >
              관광지
            </span>
          </a>
          <a
            className="MuiButtonBase-root MuiChip-root MuiChip-outlined MuiChip-sizeMedium MuiChip-colorDefault MuiChip-clickable MuiChip-clickableColorDefault MuiChip-outlinedDefault css-1bqglf0-MuiButtonBase-root-MuiChip-root"
            href="https://m.search.naver.com/search.naver?where=m_image&mode=imgonly&nso=so%3Ar%2Ca%3Aall%2Cp%3Aall&sm=mtb_imt&query=%ED%8C%8C%EB%A6%AC%20%EA%B0%9C%EC%84%A0%EB%AC%B8&pq=%ED%8C%8C%EB%A6%AC"
            onBlur={[Function]}
            onContextMenu={[Function]}
            onDragLeave={[Function]}
            onFocus={[Function]}
            onKeyDown={[Function]}
            onKeyUp={[Function]}
            onMouseDown={[Function]}
            onMouseLeave={[Function]}
            onMouseUp={[Function]}
            onTouchEnd={[Function]}
            onTouchMove={[Function]}
            onTouchStart={[Function]}
            tabIndex={0}
          >
            <div
              className="MuiAvatar-root MuiAvatar-circular MuiChip-avatar MuiChip-avatarMedium MuiChip-avatarColorDefault css-1wlk0hk-MuiAvatar-root"
            >
              <img
                className="MuiAvatar-img css-1pqm26d-MuiAvatar-img"
                src="/images/photos/photos_tag_images/paris_tag9.jpeg"
              />
            </div>
            <span
              className="MuiChip-label MuiChip-labelMedium css-6od3lo-MuiChip-label"
            >
              개선문
            </span>
          </a>
          <a
            className="MuiButtonBase-root MuiChip-root MuiChip-outlined MuiChip-sizeMedium MuiChip-colorDefault MuiChip-clickable MuiChip-clickableColorDefault MuiChip-outlinedDefault css-1bqglf0-MuiButtonBase-root-MuiChip-root"
            href="https://m.search.naver.com/search.naver?where=m_image&mode=imgonly&nso=so%3Ar%2Ca%3Aall%2Cp%3Aall&sm=mtb_imt&query=%ED%8C%8C%EB%A6%AC%20%EA%B1%B0%EB%A6%AC&pq=%ED%8C%8C%EB%A6%AC"
            onBlur={[Function]}
            onContextMenu={[Function]}
            onDragLeave={[Function]}
            onFocus={[Function]}
            onKeyDown={[Function]}
            onKeyUp={[Function]}
            onMouseDown={[Function]}
            onMouseLeave={[Function]}
            onMouseUp={[Function]}
            onTouchEnd={[Function]}
            onTouchMove={[Function]}
            onTouchStart={[Function]}
            tabIndex={0}
          >
            <div
              className="MuiAvatar-root MuiAvatar-circular MuiChip-avatar MuiChip-avatarMedium MuiChip-avatarColorDefault css-1wlk0hk-MuiAvatar-root"
            >
              <img
                className="MuiAvatar-img css-1pqm26d-MuiAvatar-img"
                src="/images/photos/photos_tag_images/paris_tag10.jpeg"
              />
            </div>
            <span
              className="MuiChip-label MuiChip-labelMedium css-6od3lo-MuiChip-label"
            >
              거리
            </span>
          </a>
          <a
            className="MuiButtonBase-root MuiChip-root MuiChip-outlined MuiChip-sizeMedium MuiChip-colorDefault MuiChip-clickable MuiChip-clickableColorDefault MuiChip-outlinedDefault css-1bqglf0-MuiButtonBase-root-MuiChip-root"
            href="https://m.search.naver.com/search.naver?where=m_image&mode=imgonly&nso=so%3Ar%2Ca%3Aall%2Cp%3Aall&sm=mtb_imt&query=%ED%8C%8C%EB%A6%AC%20%EC%98%AC%EB%A6%BC%ED%94%BD&pq=%ED%8C%8C%EB%A6%AC"
            onBlur={[Function]}
            onContextMenu={[Function]}
            onDragLeave={[Function]}
            onFocus={[Function]}
            onKeyDown={[Function]}
            onKeyUp={[Function]}
            onMouseDown={[Function]}
            onMouseLeave={[Function]}
            onMouseUp={[Function]}
            onTouchEnd={[Function]}
            onTouchMove={[Function]}
            onTouchStart={[Function]}
            tabIndex={0}
          >
            <div
              className="MuiAvatar-root MuiAvatar-circular MuiChip-avatar MuiChip-avatarMedium MuiChip-avatarColorDefault css-1wlk0hk-MuiAvatar-root"
            >
              <img
                className="MuiAvatar-img css-1pqm26d-MuiAvatar-img"
                src="/images/photos/photos_tag_images/paris_tag11.jpeg"
              />
            </div>
            <span
              className="MuiChip-label MuiChip-labelMedium css-6od3lo-MuiChip-label"
            >
              올림픽
            </span>
          </a>
          <a
            className="MuiButtonBase-root MuiChip-root MuiChip-outlined MuiChip-sizeMedium MuiChip-colorDefault MuiChip-clickable MuiChip-clickableColorDefault MuiChip-outlinedDefault css-1bqglf0-MuiButtonBase-root-MuiChip-root"
            href="https://m.search.naver.com/search.naver?where=m_image&mode=imgonly&nso=so%3Ar%2Ca%3Aall%2Cp%3Aall&sm=mtb_imt&query=%ED%8C%8C%EB%A6%AC%20%ED%92%8D%EA%B2%BD&pq=%ED%8C%8C%EB%A6%AC"
            onBlur={[Function]}
            onContextMenu={[Function]}
            onDragLeave={[Function]}
            onFocus={[Function]}
            onKeyDown={[Function]}
            onKeyUp={[Function]}
            onMouseDown={[Function]}
            onMouseLeave={[Function]}
            onMouseUp={[Function]}
            onTouchEnd={[Function]}
            onTouchMove={[Function]}
            onTouchStart={[Function]}
            tabIndex={0}
          >
            <div
              className="MuiAvatar-root MuiAvatar-circular MuiChip-avatar MuiChip-avatarMedium MuiChip-avatarColorDefault css-1wlk0hk-MuiAvatar-root"
            >
              <img
                className="MuiAvatar-img css-1pqm26d-MuiAvatar-img"
                src="/images/photos/photos_tag_images/paris_tag12.jpeg"
              />
            </div>
            <span
              className="MuiChip-label MuiChip-labelMedium css-6od3lo-MuiChip-label"
            >
              풍경
            </span>
          </a>
        </div>
      </div>
    </div>
    <div
      className="container"
    >
      <div
        className="grid_item"
      >
        <a
          className="MuiTypography-root MuiTypography-inherit MuiLink-root MuiLink-underlineNone css-1oaaite-MuiTypography-root-MuiLink-root"
          href="https://m.search.naver.com/search.naver?where=m_image&mode=imgonly&nso=so%3Ar%2Ca%3Aall%2Cp%3Aall&sm=mtb_imt&query=%ED%8C%8C%EB%A6%AC%20%EC%97%90%ED%8E%A0%ED%83%91&pq=%ED%8C%8C%EB%A6%AC"
          onBlur={[Function]}
          onFocus={[Function]}
        >
          <div>
            <img
              alt={0}
              className="grid_item_img"
              loading="lazy"
              src="/images/photos/photos_images/paris_image1.jpeg"
            />
          </div>
        </a>
      </div>
      <div
        className="grid_item"
      >
        <a
          className="MuiTypography-root MuiTypography-inherit MuiLink-root MuiLink-underlineNone css-1oaaite-MuiTypography-root-MuiLink-root"
          href="https://m.search.naver.com/search.naver?where=m_image&mode=imgonly&nso=so%3Ar%2Ca%3Aall%2Cp%3Aall&sm=mtb_imt&query=%ED%8C%8C%EB%A6%AC%20%EC%97%90%ED%8E%A0%ED%83%91&pq=%ED%8C%8C%EB%A6%AC"
          onBlur={[Function]}
          onFocus={[Function]}
        >
          <div>
            <img
              alt={1}
              className="grid_item_img"
              loading="lazy"
              src="/images/photos/photos_images/paris_image2.jpeg"
            />
          </div>
        </a>
      </div>
      <div
        className="grid_item"
      >
        <a
          className="MuiTypography-root MuiTypography-inherit MuiLink-root MuiLink-underlineNone css-1oaaite-MuiTypography-root-MuiLink-root"
          href="https://m.search.naver.com/search.naver?where=m_image&mode=imgonly&nso=so%3Ar%2Ca%3Aall%2Cp%3Aall&sm=mtb_imt&query=%ED%8C%8C%EB%A6%AC%20%EC%97%90%ED%8E%A0%ED%83%91&pq=%ED%8C%8C%EB%A6%AC"
          onBlur={[Function]}
          onFocus={[Function]}
        >
          <div>
            <img
              alt={2}
              className="grid_item_img"
              loading="lazy"
              src="/images/photos/photos_images/paris_image3.jpeg"
            />
          </div>
        </a>
      </div>
      <div
        className="grid_item"
      >
        <a
          className="MuiTypography-root MuiTypography-inherit MuiLink-root MuiLink-underlineNone css-1oaaite-MuiTypography-root-MuiLink-root"
          href="https://m.search.naver.com/search.naver?where=m_image&mode=imgonly&sm=mtb_img&query=%ED%8C%8C%EB%A6%AC&nso=so%3Ar%2Ca%3Aall%2Cp%3Aall#imgId=image_sas%3Ablog69427238%7C14%7C222565476601_1986740026"
          onBlur={[Function]}
          onFocus={[Function]}
        >
          <div>
            <img
              alt={3}
              className="grid_item_img"
              loading="lazy"
              src="/images/photos/photos_images/paris_image4.jpeg"
            />
          </div>
        </a>
      </div>
      <div
        className="grid_item"
      >
        <a
          className="MuiTypography-root MuiTypography-inherit MuiLink-root MuiLink-underlineNone css-1oaaite-MuiTypography-root-MuiLink-root"
          href="https://m.search.naver.com/search.naver?where=m_image&mode=imgonly&nso=so%3Ar%2Ca%3Aall%2Cp%3Aall&sm=mtb_imt&query=%ED%8C%8C%EB%A6%AC%20%EC%97%90%ED%8E%A0%ED%83%91&pq=%ED%8C%8C%EB%A6%AC"
          onBlur={[Function]}
          onFocus={[Function]}
        >
          <div>
            <img
              alt={4}
              className="grid_item_img"
              loading="lazy"
              src="/images/photos/photos_images/paris_image5.jpeg"
            />
          </div>
        </a>
      </div>
      <div
        className="grid_item"
      >
        <a
          className="MuiTypography-root MuiTypography-inherit MuiLink-root MuiLink-underlineNone css-1oaaite-MuiTypography-root-MuiLink-root"
          href="https://m.search.naver.com/search.naver?where=m_image&mode=imgonly&nso=so%3Ar%2Ca%3Aall%2Cp%3Aall&sm=mtb_imt&query=%ED%8C%8C%EB%A6%AC%20%EC%97%90%ED%8E%A0%ED%83%91&pq=%ED%8C%8C%EB%A6%AC"
          onBlur={[Function]}
          onFocus={[Function]}
        >
          <div>
            <img
              alt={5}
              className="grid_item_img"
              loading="lazy"
              src="/images/photos/photos_images/paris_image6.jpeg"
            />
          </div>
        </a>
      </div>
      <div
        className="grid_item"
      >
        <a
          className="MuiTypography-root MuiTypography-inherit MuiLink-root MuiLink-underlineNone css-1oaaite-MuiTypography-root-MuiLink-root"
          href="https://m.search.naver.com/search.naver?where=m_image&mode=imgonly&nso=so%3Ar%2Ca%3Aall%2Cp%3Aall&sm=mtb_imt&query=%ED%8C%8C%EB%A6%AC%20%EC%97%90%ED%8E%A0%ED%83%91&pq=%ED%8C%8C%EB%A6%AC"
          onBlur={[Function]}
          onFocus={[Function]}
        >
          <div>
            <img
              alt={6}
              className="grid_item_img"
              loading="lazy"
              src="/images/photos/photos_images/paris_image7.jpeg"
            />
          </div>
        </a>
      </div>
      <div
        className="grid_item"
      >
        <a
          className="MuiTypography-root MuiTypography-inherit MuiLink-root MuiLink-underlineNone css-1oaaite-MuiTypography-root-MuiLink-root"
          href="https://m.search.naver.com/search.naver?where=m_image&mode=imgonly&nso=so%3Ar%2Ca%3Aall%2Cp%3Aall&sm=mtb_imt&query=%ED%8C%8C%EB%A6%AC%20%EC%97%90%ED%8E%A0%ED%83%91&pq=%ED%8C%8C%EB%A6%AC"
          onBlur={[Function]}
          onFocus={[Function]}
        >
          <div>
            <img
              alt={7}
              className="grid_item_img"
              loading="lazy"
              src="/images/photos/photos_images/paris_image8.jpeg"
            />
          </div>
        </a>
      </div>
      <div
        className="grid_item"
      >
        <a
          className="MuiTypography-root MuiTypography-inherit MuiLink-root MuiLink-underlineNone css-1oaaite-MuiTypography-root-MuiLink-root"
          href="https://m.search.naver.com/search.naver?where=m_image&mode=imgonly&nso=so%3Ar%2Ca%3Aall%2Cp%3Aall&sm=mtb_imt&query=%ED%8C%8C%EB%A6%AC%20%EC%97%90%ED%8E%A0%ED%83%91&pq=%ED%8C%8C%EB%A6%AC"
          onBlur={[Function]}
          onFocus={[Function]}
        >
          <div>
            <img
              alt={8}
              className="grid_item_img"
              loading="lazy"
              src="/images/photos/photos_images/paris_image9.jpeg"
            />
          </div>
        </a>
      </div>
    </div>
  </div>,
  <a
    className="MuiTypography-root MuiTypography-inherit MuiLink-root MuiLink-underlineNone css-1oaaite-MuiTypography-root-MuiLink-root"
    href="https://m.search.naver.com/search.naver?where=m_image&mode=imgonly&nso=so%3Ar%2Ca%3Aall%2Cp%3Aall&sm=mtb_nmr&query=%ED%8C%8C%EB%A6%AC"
    onBlur={[Function]}
    onFocus={[Function]}
  >
    <div
      className="MuiPaper-root MuiPaper-elevation MuiPaper-rounded MuiPaper-elevation1 css-96237p-MuiPaper-root"
      style={
        Object {
          "backgroundColor": "#f4f7f8",
          "borderRadius": 0,
          "height": 50,
        }
      }
    >
      <div
        className="moreContentInfo"
      >
        이미지
         더보기
        <img
          alt="arrow"
          className="img"
          src="/icons/forward_arrow.svg"
        />
      </div>
    </div>
  </a>,
]
`;
