// Jest Snapshot v1, https://goo.gl/fbAQLP

exports[`renders homepage unchanged 1`] = `
Array [
  <div
    className="MuiPaper-root MuiPaper-outlined MuiCard-root css-b4hzzr-MuiPaper-root-MuiCard-root"
  >
    <div
      className="MuiCardHeader-root api_title_area css-185gdzj-MuiCardHeader-root"
      style={
        Object {
          "textAlign": "left",
        }
      }
    >
      <div
        className="MuiCardHeader-content css-1qbkelo-MuiCardHeader-content"
      >
        <h2
          className="MuiTypography-root MuiTypography-h2 css-gjbjrz-MuiTypography-root"
          style={
            Object {
              "fontSize": 17,
            }
          }
        >
          <b>
            VIEW
          </b>
        </h2>
      </div>
      <div
        className="MuiCardHeader-action css-sgoict-MuiCardHeader-action"
      >
        <button
          className="MuiButtonBase-root MuiIconButton-root MuiIconButton-sizeMedium css-78trlr-MuiButtonBase-root-MuiIconButton-root"
          disabled={false}
          name="view_type"
          onBlur={[Function]}
          onClick={[Function]}
          onContextMenu={[Function]}
          onDragLeave={[Function]}
          onFocus={[Function]}
          onKeyDown={[Function]}
          onKeyUp={[Function]}
          onMouseDown={[Function]}
          onMouseLeave={[Function]}
          onMouseUp={[Function]}
          onTouchEnd={[Function]}
          onTouchMove={[Function]}
          onTouchStart={[Function]}
          tabIndex={0}
          type="button"
        >
          <img
            alt="basic"
            height={16}
            src="/icons/view_basic2.png"
            width={16}
          />
        </button>
        <button
          className="MuiButtonBase-root MuiIconButton-root MuiIconButton-sizeMedium css-78trlr-MuiButtonBase-root-MuiIconButton-root"
          disabled={false}
          name="view_type"
          onBlur={[Function]}
          onClick={[Function]}
          onContextMenu={[Function]}
          onDragLeave={[Function]}
          onFocus={[Function]}
          onKeyDown={[Function]}
          onKeyUp={[Function]}
          onMouseDown={[Function]}
          onMouseLeave={[Function]}
          onMouseUp={[Function]}
          onTouchEnd={[Function]}
          onTouchMove={[Function]}
          onTouchStart={[Function]}
          tabIndex={0}
          type="button"
        >
          <img
            alt="timeline"
            height={16}
            src="/icons/view_timeline1.png"
            width={16}
          />
        </button>
        <button
          className="MuiButtonBase-root MuiIconButton-root MuiIconButton-sizeMedium css-78trlr-MuiButtonBase-root-MuiIconButton-root"
          disabled={false}
          name="view_type"
          onBlur={[Function]}
          onClick={[Function]}
          onContextMenu={[Function]}
          onDragLeave={[Function]}
          onFocus={[Function]}
          onKeyDown={[Function]}
          onKeyUp={[Function]}
          onMouseDown={[Function]}
          onMouseLeave={[Function]}
          onMouseUp={[Function]}
          onTouchEnd={[Function]}
          onTouchMove={[Function]}
          onTouchStart={[Function]}
          tabIndex={0}
          type="button"
        >
          <img
            alt="multimedia"
            height={16}
            src="/icons/view_multimedia1.png"
            width={16}
          />
        </button>
      </div>
    </div>
    <div
      className="MuiPaper-root MuiPaper-elevation MuiPaper-elevation1 group_option_tag_wrap css-4z9bxz-MuiPaper-root"
      style={
        Object {
          "backgroundColor": "#f8fafb",
          "borderBlock": "1px solid rgb(236, 240, 242)",
          "boxShadow": "none",
          "height": 83,
          "overflow": "auto",
        }
      }
    >
      <div
        className="MuiGrid-root MuiGrid-container css-1vam7s3-MuiGrid-root"
        style={
          Object {
            "minHeight": 66,
          }
        }
      >
        <div
          className="css-w4z10b-MuiStack-root"
          style={
            Object {
              "paddingLeft": 12,
              "paddingRight": 12,
            }
          }
        >
          <div
            className="MuiButtonBase-root MuiChip-root MuiChip-outlined MuiChip-sizeMedium MuiChip-colorDefault MuiChip-clickable MuiChip-clickableColorDefault MuiChip-outlinedDefault css-jg542h-MuiButtonBase-root-MuiChip-root"
            name="tag"
            onBlur={[Function]}
            onClick={[Function]}
            onContextMenu={[Function]}
            onDragLeave={[Function]}
            onFocus={[Function]}
            onKeyDown={[Function]}
            onKeyUp={[Function]}
            onMouseDown={[Function]}
            onMouseLeave={[Function]}
            onMouseUp={[Function]}
            onTouchEnd={[Function]}
            onTouchMove={[Function]}
            onTouchStart={[Function]}
            role="button"
            tabIndex={0}
          >
            <span
              className="MuiChip-label MuiChip-labelMedium css-6od3lo-MuiChip-label"
            >
              전체
            </span>
          </div>
          <div
            className="MuiButtonBase-root MuiChip-root MuiChip-outlined MuiChip-sizeMedium MuiChip-colorDefault MuiChip-clickable MuiChip-clickableColorDefault MuiChip-outlinedDefault css-1xa5hmc-MuiButtonBase-root-MuiChip-root"
            name="tag"
            onBlur={[Function]}
            onClick={[Function]}
            onContextMenu={[Function]}
            onDragLeave={[Function]}
            onFocus={[Function]}
            onKeyDown={[Function]}
            onKeyUp={[Function]}
            onMouseDown={[Function]}
            onMouseLeave={[Function]}
            onMouseUp={[Function]}
            onTouchEnd={[Function]}
            onTouchMove={[Function]}
            onTouchStart={[Function]}
            role="button"
            tabIndex={0}
          >
            <span
              className="MuiChip-label MuiChip-labelMedium css-6od3lo-MuiChip-label"
            >
              카페글
            </span>
          </div>
          <div
            className="MuiButtonBase-root MuiChip-root MuiChip-outlined MuiChip-sizeMedium MuiChip-colorDefault MuiChip-clickable MuiChip-clickableColorDefault MuiChip-outlinedDefault css-1xa5hmc-MuiButtonBase-root-MuiChip-root"
            name="tag"
            onBlur={[Function]}
            onClick={[Function]}
            onContextMenu={[Function]}
            onDragLeave={[Function]}
            onFocus={[Function]}
            onKeyDown={[Function]}
            onKeyUp={[Function]}
            onMouseDown={[Function]}
            onMouseLeave={[Function]}
            onMouseUp={[Function]}
            onTouchEnd={[Function]}
            onTouchMove={[Function]}
            onTouchStart={[Function]}
            role="button"
            tabIndex={0}
          >
            <span
              className="MuiChip-label MuiChip-labelMedium css-6od3lo-MuiChip-label"
            >
              날씨
            </span>
          </div>
          <div
            className="MuiButtonBase-root MuiChip-root MuiChip-outlined MuiChip-sizeMedium MuiChip-colorDefault MuiChip-clickable MuiChip-clickableColorDefault MuiChip-outlinedDefault css-1xa5hmc-MuiButtonBase-root-MuiChip-root"
            name="tag"
            onBlur={[Function]}
            onClick={[Function]}
            onContextMenu={[Function]}
            onDragLeave={[Function]}
            onFocus={[Function]}
            onKeyDown={[Function]}
            onKeyUp={[Function]}
            onMouseDown={[Function]}
            onMouseLeave={[Function]}
            onMouseUp={[Function]}
            onTouchEnd={[Function]}
            onTouchMove={[Function]}
            onTouchStart={[Function]}
            role="button"
            tabIndex={0}
          >
            <span
              className="MuiChip-label MuiChip-labelMedium css-6od3lo-MuiChip-label"
            >
              맛집
            </span>
          </div>
          <div
            className="MuiButtonBase-root MuiChip-root MuiChip-outlined MuiChip-sizeMedium MuiChip-colorDefault MuiChip-clickable MuiChip-clickableColorDefault MuiChip-outlinedDefault css-1xa5hmc-MuiButtonBase-root-MuiChip-root"
            name="tag"
            onBlur={[Function]}
            onClick={[Function]}
            onContextMenu={[Function]}
            onDragLeave={[Function]}
            onFocus={[Function]}
            onKeyDown={[Function]}
            onKeyUp={[Function]}
            onMouseDown={[Function]}
            onMouseLeave={[Function]}
            onMouseUp={[Function]}
            onTouchEnd={[Function]}
            onTouchMove={[Function]}
            onTouchStart={[Function]}
            role="button"
            tabIndex={0}
          >
            <span
              className="MuiChip-label MuiChip-labelMedium css-6od3lo-MuiChip-label"
            >
              물랑루즈
            </span>
          </div>
          <div
            className="MuiButtonBase-root MuiChip-root MuiChip-outlined MuiChip-sizeMedium MuiChip-colorDefault MuiChip-clickable MuiChip-clickableColorDefault MuiChip-outlinedDefault css-1xa5hmc-MuiButtonBase-root-MuiChip-root"
            name="tag"
            onBlur={[Function]}
            onClick={[Function]}
            onContextMenu={[Function]}
            onDragLeave={[Function]}
            onFocus={[Function]}
            onKeyDown={[Function]}
            onKeyUp={[Function]}
            onMouseDown={[Function]}
            onMouseLeave={[Function]}
            onMouseUp={[Function]}
            onTouchEnd={[Function]}
            onTouchMove={[Function]}
            onTouchStart={[Function]}
            role="button"
            tabIndex={0}
          >
            <span
              className="MuiChip-label MuiChip-labelMedium css-6od3lo-MuiChip-label"
            >
              쇼핑
            </span>
          </div>
          <div
            className="MuiButtonBase-root MuiChip-root MuiChip-outlined MuiChip-sizeMedium MuiChip-colorDefault MuiChip-clickable MuiChip-clickableColorDefault MuiChip-outlinedDefault css-1xa5hmc-MuiButtonBase-root-MuiChip-root"
            name="tag"
            onBlur={[Function]}
            onClick={[Function]}
            onContextMenu={[Function]}
            onDragLeave={[Function]}
            onFocus={[Function]}
            onKeyDown={[Function]}
            onKeyUp={[Function]}
            onMouseDown={[Function]}
            onMouseLeave={[Function]}
            onMouseUp={[Function]}
            onTouchEnd={[Function]}
            onTouchMove={[Function]}
            onTouchStart={[Function]}
            role="button"
            tabIndex={0}
          >
            <span
              className="MuiChip-label MuiChip-labelMedium css-6od3lo-MuiChip-label"
            >
              코스
            </span>
          </div>
          <div
            className="MuiButtonBase-root MuiChip-root MuiChip-outlined MuiChip-sizeMedium MuiChip-colorDefault MuiChip-clickable MuiChip-clickableColorDefault MuiChip-outlinedDefault css-1xa5hmc-MuiButtonBase-root-MuiChip-root"
            name="tag"
            onBlur={[Function]}
            onClick={[Function]}
            onContextMenu={[Function]}
            onDragLeave={[Function]}
            onFocus={[Function]}
            onKeyDown={[Function]}
            onKeyUp={[Function]}
            onMouseDown={[Function]}
            onMouseLeave={[Function]}
            onMouseUp={[Function]}
            onTouchEnd={[Function]}
            onTouchMove={[Function]}
            onTouchStart={[Function]}
            role="button"
            tabIndex={0}
          >
            <span
              className="MuiChip-label MuiChip-labelMedium css-6od3lo-MuiChip-label"
            >
              모나리자
            </span>
          </div>
          <div
            className="MuiButtonBase-root MuiChip-root MuiChip-outlined MuiChip-sizeMedium MuiChip-colorDefault MuiChip-clickable MuiChip-clickableColorDefault MuiChip-outlinedDefault css-1xa5hmc-MuiButtonBase-root-MuiChip-root"
            name="tag"
            onBlur={[Function]}
            onClick={[Function]}
            onContextMenu={[Function]}
            onDragLeave={[Function]}
            onFocus={[Function]}
            onKeyDown={[Function]}
            onKeyUp={[Function]}
            onMouseDown={[Function]}
            onMouseLeave={[Function]}
            onMouseUp={[Function]}
            onTouchEnd={[Function]}
            onTouchMove={[Function]}
            onTouchStart={[Function]}
            role="button"
            tabIndex={0}
          >
            <span
              className="MuiChip-label MuiChip-labelMedium css-6od3lo-MuiChip-label"
            >
              야경
            </span>
          </div>
          <div
            className="MuiButtonBase-root MuiChip-root MuiChip-outlined MuiChip-sizeMedium MuiChip-colorDefault MuiChip-clickable MuiChip-clickableColorDefault MuiChip-outlinedDefault css-1xa5hmc-MuiButtonBase-root-MuiChip-root"
            name="tag"
            onBlur={[Function]}
            onClick={[Function]}
            onContextMenu={[Function]}
            onDragLeave={[Function]}
            onFocus={[Function]}
            onKeyDown={[Function]}
            onKeyUp={[Function]}
            onMouseDown={[Function]}
            onMouseLeave={[Function]}
            onMouseUp={[Function]}
            onTouchEnd={[Function]}
            onTouchMove={[Function]}
            onTouchStart={[Function]}
            role="button"
            tabIndex={0}
          >
            <span
              className="MuiChip-label MuiChip-labelMedium css-6od3lo-MuiChip-label"
            >
              에펠탑
            </span>
          </div>
          <div
            className="MuiButtonBase-root MuiChip-root MuiChip-outlined MuiChip-sizeMedium MuiChip-colorDefault MuiChip-clickable MuiChip-clickableColorDefault MuiChip-outlinedDefault css-1xa5hmc-MuiButtonBase-root-MuiChip-root"
            name="tag"
            onBlur={[Function]}
            onClick={[Function]}
            onContextMenu={[Function]}
            onDragLeave={[Function]}
            onFocus={[Function]}
            onKeyDown={[Function]}
            onKeyUp={[Function]}
            onMouseDown={[Function]}
            onMouseLeave={[Function]}
            onMouseUp={[Function]}
            onTouchEnd={[Function]}
            onTouchMove={[Function]}
            onTouchStart={[Function]}
            role="button"
            tabIndex={0}
          >
            <span
              className="MuiChip-label MuiChip-labelMedium css-6od3lo-MuiChip-label"
            >
              예약
            </span>
          </div>
          <div
            className="MuiButtonBase-root MuiChip-root MuiChip-outlined MuiChip-sizeMedium MuiChip-colorDefault MuiChip-clickable MuiChip-clickableColorDefault MuiChip-outlinedDefault css-1xa5hmc-MuiButtonBase-root-MuiChip-root"
            name="tag"
            onBlur={[Function]}
            onClick={[Function]}
            onContextMenu={[Function]}
            onDragLeave={[Function]}
            onFocus={[Function]}
            onKeyDown={[Function]}
            onKeyUp={[Function]}
            onMouseDown={[Function]}
            onMouseLeave={[Function]}
            onMouseUp={[Function]}
            onTouchEnd={[Function]}
            onTouchMove={[Function]}
            onTouchStart={[Function]}
            role="button"
            tabIndex={0}
          >
            <span
              className="MuiChip-label MuiChip-labelMedium css-6od3lo-MuiChip-label"
            >
              루브르박물관
            </span>
          </div>
          <div
            className="MuiButtonBase-root MuiChip-root MuiChip-outlined MuiChip-sizeMedium MuiChip-colorDefault MuiChip-clickable MuiChip-clickableColorDefault MuiChip-outlinedDefault css-1xa5hmc-MuiButtonBase-root-MuiChip-root"
            name="tag"
            onBlur={[Function]}
            onClick={[Function]}
            onContextMenu={[Function]}
            onDragLeave={[Function]}
            onFocus={[Function]}
            onKeyDown={[Function]}
            onKeyUp={[Function]}
            onMouseDown={[Function]}
            onMouseLeave={[Function]}
            onMouseUp={[Function]}
            onTouchEnd={[Function]}
            onTouchMove={[Function]}
            onTouchStart={[Function]}
            role="button"
            tabIndex={0}
          >
            <span
              className="MuiChip-label MuiChip-labelMedium css-6od3lo-MuiChip-label"
            >
              베르사유궁전
            </span>
          </div>
        </div>
      </div>
    </div>
    <div
      className="MuiPaper-root MuiPaper-elevation MuiPaper-elevation1 MuiCard-root css-1xdevdl-MuiPaper-root-MuiCard-root"
    >
      <div
        className="MuiCardHeader-root css-cva3as-MuiCardHeader-root"
        variant="contained"
      >
        <div
          className="MuiCardHeader-avatar css-1ssile9-MuiCardHeader-avatar"
        >
          <a
            className="MuiTypography-root MuiTypography-inherit MuiLink-root MuiLink-underlineAlways css-1iwtne7-MuiTypography-root-MuiLink-root"
            href="https://in.naver.com/hug387"
            onBlur={[Function]}
            onFocus={[Function]}
          >
            <div
              className="publisherImgBoarder"
            >
              <div
                style={
                  Object {
                    "backgroundColor": "#fff",
                    "height": "100%",
                    "objectFit": "contain",
                    "paddingTop": "calc(1 / 1 * 100%)",
                    "position": "relative",
                    "width": "100%",
                  }
                }
              >
                <img
                  alt="0 thumb"
                  className="publisherImg"
                  onError={[Function]}
                  onLoad={[Function]}
                  src="/images/view/blog_logo1.jpeg"
                  style={
                    Object {
                      "filterBrightness": 0,
                      "filterSaturate": 20,
                      "height": "100%",
                      "left": 0,
                      "objectFit": "inherit",
                      "opacity": 0,
                      "position": "absolute",
                      "top": 0,
                      "transition": "
        filterBrightness 2250ms cubic-bezier(0.4, 0.0, 0.2, 1),
        filterSaturate 3000ms cubic-bezier(0.4, 0.0, 0.2, 1),
        opacity 1500ms cubic-bezier(0.4, 0.0, 0.2, 1)",
                      "width": "100%",
                    }
                  }
                />
                <div
                  style={
                    Object {
                      "alignItems": "center",
                      "display": "flex",
                      "height": "100%",
                      "justifyContent": "center",
                      "left": 0,
                      "pointerEvents": "none",
                      "position": "absolute",
                      "top": 0,
                      "width": "100%",
                    }
                  }
                >
                  <div
                    className="MuiCircularProgress-root MuiCircularProgress-colorPrimary MuiCircularProgress-indeterminate"
                    role="progressbar"
                    style={
                      Object {
                        "height": 48,
                        "width": 48,
                      }
                    }
                  >
                    <svg
                      className="MuiCircularProgress-svg"
                      viewBox="22 22 44 44"
                    >
                      <circle
                        className="MuiCircularProgress-circle MuiCircularProgress-circleIndeterminate"
                        cx={44}
                        cy={44}
                        fill="none"
                        r={20.2}
                        strokeWidth={3.6}
                        style={Object {}}
                      />
                    </svg>
                  </div>
                </div>
              </div>
            </div>
          </a>
        </div>
        <div
          className="MuiCardHeader-content css-1qbkelo-MuiCardHeader-content"
        >
          <span
            className="MuiTypography-root MuiTypography-body2 MuiCardHeader-title css-et1ao3-MuiTypography-root"
          >
            <div
              className="publishInfo"
            >
              <a
                className="MuiTypography-root MuiTypography-inherit MuiLink-root MuiLink-underlineNone css-1oaaite-MuiTypography-root-MuiLink-root"
                href="https://in.naver.com/hug387"
                onBlur={[Function]}
                onFocus={[Function]}
              >
                <div
                  className="publisher"
                >
                  유지니
                </div>
              </a>
              <div
                className="verticalDivider"
              />
              <div
                className="date"
              >
                2021.11.16.
              </div>
            </div>
          </span>
        </div>
        <div
          className="MuiCardHeader-action css-sgoict-MuiCardHeader-action"
        >
          <div>
            <button
              className="MuiButtonBase-root MuiIconButton-root MuiIconButton-sizeMedium css-bnzas2-MuiButtonBase-root-MuiIconButton-root"
              disabled={false}
              onBlur={[Function]}
              onClick={[Function]}
              onContextMenu={[Function]}
              onDragLeave={[Function]}
              onFocus={[Function]}
              onKeyDown={[Function]}
              onKeyUp={[Function]}
              onMouseDown={[Function]}
              onMouseLeave={[Function]}
              onMouseUp={[Function]}
              onTouchEnd={[Function]}
              onTouchMove={[Function]}
              onTouchStart={[Function]}
              style={
                Object {
                  "backgroundColor": "transparent",
                }
              }
              tabIndex={0}
              type="button"
            >
              <svg
                aria-hidden={true}
                className="MuiSvgIcon-root MuiSvgIcon-fontSizeMedium css-i4bv87-MuiSvgIcon-root"
                data-testid="0 button"
                focusable="false"
                style={
                  Object {
                    "color": "#D1D3D6",
                  }
                }
                viewBox="0 0 24 24"
              >
                <path
                  d="M12 8c1.1 0 2-.9 2-2s-.9-2-2-2-2 .9-2 2 .9 2 2 2zm0 2c-1.1 0-2 .9-2 2s.9 2 2 2 2-.9 2-2-.9-2-2-2zm0 6c-1.1 0-2 .9-2 2s.9 2 2 2 2-.9 2-2-.9-2-2-2z"
                />
              </svg>
            </button>
          </div>
        </div>
      </div>
      <div
        className="MuiCardContent-root css-n7ubfh-MuiCardContent-root"
        variant="contained"
      >
        <a
          className="MuiTypography-root MuiTypography-inherit MuiLink-root MuiLink-underlineNone css-1oaaite-MuiTypography-root-MuiLink-root"
          href="https://m.blog.naver.com/hug387/222569690308"
          onBlur={[Function]}
          onFocus={[Function]}
        >
          <div
            className="title"
          >
            호탤스닷컴 11월 할인코드 파리여행 준비해볼까~
          </div>
          <div
            className="imageScrollerBasic"
          >
            <ul
              className="imageScrollerContainer imageScrollerContainerBasic"
            >
              <img
                alt={0}
                className="imageScrollerItem imageScrollerItemBasic"
                src="/images/view/blog_img1_1.png"
              />
              <img
                alt={1}
                className="imageScrollerItem imageScrollerItemBasic"
                src="/images/view/blog_img1_2.jpeg"
              />
              <img
                alt={2}
                className="imageScrollerItem imageScrollerItemBasic"
                src="/images/view/blog_img1_3.jpeg"
              />
              <img
                alt={3}
                className="imageScrollerItem imageScrollerItemBasic"
                src="/images/view/blog_img1_4.jpeg"
              />
              <img
                alt={4}
                className="imageScrollerItem imageScrollerItemBasic"
                src="/images/view/blog_img1_5.jpeg"
              />
              <img
                alt={5}
                className="imageScrollerItem imageScrollerItemBasic"
                src="/images/view/blog_img1_6.jpeg"
              />
              <img
                alt={6}
                className="imageScrollerItem imageScrollerItemBasic"
                src="/images/view/blog_img1_7.jpeg"
              />
              <img
                alt={7}
                className="imageScrollerItem imageScrollerItemBasic"
                src="/images/view/blog_img1_8.jpeg"
              />
              <img
                alt={8}
                className="imageScrollerItem imageScrollerItemBasic"
                src="/images/view/blog_img1_9.jpeg"
              />
              <img
                alt={9}
                className="imageScrollerItem imageScrollerItemBasic"
                src="/images/view/blog_img1_10.jpeg"
              />
              <img
                alt={10}
                className="imageScrollerItem imageScrollerItemBasic"
                src="/images/view/blog_img1_11.jpeg"
              />
            </ul>
          </div>
          <div
            className="contentsInfo"
          >
            <div
              className="contents"
            >
              <p>
                직접 보여드릴게요, 파리 숙소를 검색했더니 다양한 호텔들이 나와요. 여기서 기본적으로... 다시가고 싶은 파리여행 뭘해도 재밌었다, 라는 생각이 드는 파리. 2020년 1월에...
              </p>
            </div>
          </div>
        </a>
      </div>
      <div
        className="MuiPaper-root MuiPaper-elevation MuiPaper-elevation0 group_option_tag_wrap css-9mq7az-MuiPaper-root"
        style={
          Object {
            "overflow": "auto",
            "paddingBottom": 18,
          }
        }
      >
        <div
          className="css-w4z10b-MuiStack-root"
          style={
            Object {
              "paddingLeft": 18,
              "paddingRight": 18,
            }
          }
        >
          <a
            className="tagButton"
            href="https://m.search.naver.com/search.naver?where=m_view&sm=mtb_viw.all&query=%ED%98%B8%ED%85%94%EC%8A%A4%EB%8B%B7%EC%BB%B4"
          >
            #
            호텔스닷컴
          </a>
          <a
            className="tagButton"
            href="https://m.search.naver.com/search.naver?where=m_view&sm=mtb_viw.all&query=%ED%98%B8%ED%85%94%EC%8A%A4%EB%8B%B7%EC%BB%B411%EC%9B%94%ED%95%A0%EC%9D%B8%EC%BD%94%EB%93%9C"
          >
            #
            호텔스닷컴11월할인코드
          </a>
          <a
            className="tagButton"
            href="https://m.search.naver.com/search.naver?where=m_view&sm=mtb_viw.all&query=%ED%8C%8C%EB%A6%AC%EC%97%AC%ED%96%89"
          >
            #
            파리여행
          </a>
        </div>
      </div>
    </div>
    <div
      className="MuiPaper-root MuiPaper-elevation MuiPaper-elevation1 MuiCard-root css-1xdevdl-MuiPaper-root-MuiCard-root"
    >
      <div
        className="MuiCardHeader-root css-cva3as-MuiCardHeader-root"
        variant="contained"
      >
        <div
          className="MuiCardHeader-avatar css-1ssile9-MuiCardHeader-avatar"
        >
          <a
            className="MuiTypography-root MuiTypography-inherit MuiLink-root MuiLink-underlineAlways css-1iwtne7-MuiTypography-root-MuiLink-root"
            href="https://m.blog.naver.com/amy201427"
            onBlur={[Function]}
            onFocus={[Function]}
          >
            <div
              className="publisherImgBoarder"
            >
              <div
                style={
                  Object {
                    "backgroundColor": "#fff",
                    "height": "100%",
                    "objectFit": "contain",
                    "paddingTop": "calc(1 / 1 * 100%)",
                    "position": "relative",
                    "width": "100%",
                  }
                }
              >
                <img
                  alt="1 thumb"
                  className="publisherImg"
                  onError={[Function]}
                  onLoad={[Function]}
                  src="/images/view/blog_logo2.jpeg"
                  style={
                    Object {
                      "filterBrightness": 0,
                      "filterSaturate": 20,
                      "height": "100%",
                      "left": 0,
                      "objectFit": "inherit",
                      "opacity": 0,
                      "position": "absolute",
                      "top": 0,
                      "transition": "
        filterBrightness 2250ms cubic-bezier(0.4, 0.0, 0.2, 1),
        filterSaturate 3000ms cubic-bezier(0.4, 0.0, 0.2, 1),
        opacity 1500ms cubic-bezier(0.4, 0.0, 0.2, 1)",
                      "width": "100%",
                    }
                  }
                />
                <div
                  style={
                    Object {
                      "alignItems": "center",
                      "display": "flex",
                      "height": "100%",
                      "justifyContent": "center",
                      "left": 0,
                      "pointerEvents": "none",
                      "position": "absolute",
                      "top": 0,
                      "width": "100%",
                    }
                  }
                >
                  <div
                    className="MuiCircularProgress-root MuiCircularProgress-colorPrimary MuiCircularProgress-indeterminate"
                    role="progressbar"
                    style={
                      Object {
                        "height": 48,
                        "width": 48,
                      }
                    }
                  >
                    <svg
                      className="MuiCircularProgress-svg"
                      viewBox="22 22 44 44"
                    >
                      <circle
                        className="MuiCircularProgress-circle MuiCircularProgress-circleIndeterminate"
                        cx={44}
                        cy={44}
                        fill="none"
                        r={20.2}
                        strokeWidth={3.6}
                        style={Object {}}
                      />
                    </svg>
                  </div>
                </div>
              </div>
            </div>
          </a>
        </div>
        <div
          className="MuiCardHeader-content css-1qbkelo-MuiCardHeader-content"
        >
          <span
            className="MuiTypography-root MuiTypography-body2 MuiCardHeader-title css-et1ao3-MuiTypography-root"
          >
            <div
              className="publishInfo"
            >
              <a
                className="MuiTypography-root MuiTypography-inherit MuiLink-root MuiLink-underlineNone css-1oaaite-MuiTypography-root-MuiLink-root"
                href="https://m.blog.naver.com/amy201427"
                onBlur={[Function]}
                onFocus={[Function]}
              >
                <div
                  className="publisher"
                >
                  Chez Amy (·ㅅ·)♥
                </div>
              </a>
              <div
                className="verticalDivider"
              />
              <div
                className="date"
              >
                2021.11.20.
              </div>
            </div>
          </span>
        </div>
        <div
          className="MuiCardHeader-action css-sgoict-MuiCardHeader-action"
        >
          <div>
            <button
              className="MuiButtonBase-root MuiIconButton-root MuiIconButton-sizeMedium css-bnzas2-MuiButtonBase-root-MuiIconButton-root"
              disabled={false}
              onBlur={[Function]}
              onClick={[Function]}
              onContextMenu={[Function]}
              onDragLeave={[Function]}
              onFocus={[Function]}
              onKeyDown={[Function]}
              onKeyUp={[Function]}
              onMouseDown={[Function]}
              onMouseLeave={[Function]}
              onMouseUp={[Function]}
              onTouchEnd={[Function]}
              onTouchMove={[Function]}
              onTouchStart={[Function]}
              style={
                Object {
                  "backgroundColor": "transparent",
                }
              }
              tabIndex={0}
              type="button"
            >
              <svg
                aria-hidden={true}
                className="MuiSvgIcon-root MuiSvgIcon-fontSizeMedium css-i4bv87-MuiSvgIcon-root"
                data-testid="1 button"
                focusable="false"
                style={
                  Object {
                    "color": "#D1D3D6",
                  }
                }
                viewBox="0 0 24 24"
              >
                <path
                  d="M12 8c1.1 0 2-.9 2-2s-.9-2-2-2-2 .9-2 2 .9 2 2 2zm0 2c-1.1 0-2 .9-2 2s.9 2 2 2 2-.9 2-2-.9-2-2-2zm0 6c-1.1 0-2 .9-2 2s.9 2 2 2 2-.9 2-2-.9-2-2-2z"
                />
              </svg>
            </button>
          </div>
        </div>
      </div>
      <div
        className="MuiCardContent-root css-n7ubfh-MuiCardContent-root"
        variant="contained"
      >
        <a
          className="MuiTypography-root MuiTypography-inherit MuiLink-root MuiLink-underlineNone css-1oaaite-MuiTypography-root-MuiLink-root"
          href="https://m.blog.naver.com/amy201427/222573481510"
          onBlur={[Function]}
          onFocus={[Function]}
        >
          <div
            className="title"
          >
            파리 블랙프라이데이에 낚인 라발레빌리지 아울렛 feat. FURLA 백팩
          </div>
          <div
            className="contentsInfo"
          >
            <div
              className="contents"
            >
              <p>
                파리 블랙프라이데이에 낚인 라발레빌리지 아울렛 feat. FURLA 백팩 작년에 이어 올해도 어김없이 파리 블랙프라이데이가 돌아왔음 :) 작년과 다르게 올해는 위드코로나로 관광객들이...
              </p>
            </div>
            <div
              className="contentsImgBoarder"
            >
              <div
                style={
                  Object {
                    "backgroundColor": "#fff",
                    "paddingTop": "calc(1 / 1 * 100%)",
                    "position": "relative",
                  }
                }
              >
                <img
                  alt="content"
                  className="contentsImg"
                  height="87px"
                  onError={[Function]}
                  onLoad={[Function]}
                  src="/images/view/blog_img2.png"
                  style={
                    Object {
                      "filterBrightness": 0,
                      "filterSaturate": 20,
                      "height": "100%",
                      "left": 0,
                      "objectFit": "inherit",
                      "opacity": 0,
                      "position": "absolute",
                      "top": 0,
                      "transition": "
        filterBrightness 2250ms cubic-bezier(0.4, 0.0, 0.2, 1),
        filterSaturate 3000ms cubic-bezier(0.4, 0.0, 0.2, 1),
        opacity 1500ms cubic-bezier(0.4, 0.0, 0.2, 1)",
                      "width": "100%",
                    }
                  }
                  width="87px"
                />
                <div
                  style={
                    Object {
                      "alignItems": "center",
                      "display": "flex",
                      "height": "100%",
                      "justifyContent": "center",
                      "left": 0,
                      "pointerEvents": "none",
                      "position": "absolute",
                      "top": 0,
                      "width": "100%",
                    }
                  }
                >
                  <div
                    className="MuiCircularProgress-root MuiCircularProgress-colorPrimary MuiCircularProgress-indeterminate"
                    role="progressbar"
                    style={
                      Object {
                        "height": 48,
                        "width": 48,
                      }
                    }
                  >
                    <svg
                      className="MuiCircularProgress-svg"
                      viewBox="22 22 44 44"
                    >
                      <circle
                        className="MuiCircularProgress-circle MuiCircularProgress-circleIndeterminate"
                        cx={44}
                        cy={44}
                        fill="none"
                        r={20.2}
                        strokeWidth={3.6}
                        style={Object {}}
                      />
                    </svg>
                  </div>
                </div>
              </div>
            </div>
          </div>
        </a>
      </div>
      <div
        className="MuiPaper-root MuiPaper-elevation MuiPaper-elevation0 group_option_tag_wrap css-9mq7az-MuiPaper-root"
        style={
          Object {
            "overflow": "auto",
            "paddingBottom": 18,
          }
        }
      >
        <div
          className="css-w4z10b-MuiStack-root"
          style={
            Object {
              "paddingLeft": 18,
              "paddingRight": 18,
            }
          }
        >
          <a
            className="tagButton"
            href="https://m.search.naver.com/search.naver?where=m_view&sm=mtb_viw.all&query=%ED%8C%8C%EB%A6%AC%EB%B8%94%EB%9E%99%ED%94%84%EB%9D%BC%EC%9D%B4%EB%8D%B0%EC%9D%B4"
          >
            #
            파리블랙프라이데이
          </a>
          <a
            className="tagButton"
            href="https://m.search.naver.com/search.naver?where=m_view&sm=mtb_viw.all&query=%ED%8C%8C%EB%A6%AC%EB%9D%BC%EB%B0%9C%EB%A0%88%EB%B9%8C%EB%A6%AC%EC%A7%80"
          >
            #
            파리라발레빌리지
          </a>
          <a
            className="tagButton"
            href="https://m.search.naver.com/search.naver?where=m_view&sm=mtb_viw.all&query=%ED%8C%8C%EB%A6%AC%EC%95%84%EC%9A%B8%EB%A0%9B"
          >
            #
            파리아울렛
          </a>
          <a
            className="tagButton"
            href="https://m.search.naver.com/search.naver?where=m_view&sm=mtb_viw.all&query=FURLA%EB%B0%B1%ED%8C%A9"
          >
            #
            FURLA백팩
          </a>
        </div>
      </div>
      <div
        className="linkArea"
      >
        <div
          className="linkLine"
        >
          <a
            href="https://m.blog.naver.com/amy201427/222563620200"
          >
            초겨울보다 늦가을이란 말이 어울리는 11월의 파리(#11월파리 #파리11월)
             
            <br />
          </a>
          <a
            href="https://m.blog.naver.com/amy201427/222541103184"
          >
            최근에 간 프랑스 파리 카페 & 레스토랑(#프랑스카페 #파리카페)
             
            <br />
          </a>
        </div>
      </div>
    </div>
    <div
      className="MuiPaper-root MuiPaper-elevation MuiPaper-elevation1 MuiCard-root css-1xdevdl-MuiPaper-root-MuiCard-root"
    >
      <div
        className="MuiCardHeader-root css-cva3as-MuiCardHeader-root"
        variant="contained"
      >
        <div
          className="MuiCardHeader-avatar css-1ssile9-MuiCardHeader-avatar"
        >
          <a
            className="MuiTypography-root MuiTypography-inherit MuiLink-root MuiLink-underlineAlways css-1iwtne7-MuiTypography-root-MuiLink-root"
            href="https://m.post.naver.com/my.naver?memberNo=15792726"
            onBlur={[Function]}
            onFocus={[Function]}
          >
            <div
              className="publisherImgBoarder"
            >
              <div
                style={
                  Object {
                    "backgroundColor": "#fff",
                    "height": "100%",
                    "objectFit": "contain",
                    "paddingTop": "calc(1 / 1 * 100%)",
                    "position": "relative",
                    "width": "100%",
                  }
                }
              >
                <img
                  alt="2 thumb"
                  className="publisherImg"
                  onError={[Function]}
                  onLoad={[Function]}
                  src="/images/view/blog_logo3.jpeg"
                  style={
                    Object {
                      "filterBrightness": 0,
                      "filterSaturate": 20,
                      "height": "100%",
                      "left": 0,
                      "objectFit": "inherit",
                      "opacity": 0,
                      "position": "absolute",
                      "top": 0,
                      "transition": "
        filterBrightness 2250ms cubic-bezier(0.4, 0.0, 0.2, 1),
        filterSaturate 3000ms cubic-bezier(0.4, 0.0, 0.2, 1),
        opacity 1500ms cubic-bezier(0.4, 0.0, 0.2, 1)",
                      "width": "100%",
                    }
                  }
                />
                <div
                  style={
                    Object {
                      "alignItems": "center",
                      "display": "flex",
                      "height": "100%",
                      "justifyContent": "center",
                      "left": 0,
                      "pointerEvents": "none",
                      "position": "absolute",
                      "top": 0,
                      "width": "100%",
                    }
                  }
                >
                  <div
                    className="MuiCircularProgress-root MuiCircularProgress-colorPrimary MuiCircularProgress-indeterminate"
                    role="progressbar"
                    style={
                      Object {
                        "height": 48,
                        "width": 48,
                      }
                    }
                  >
                    <svg
                      className="MuiCircularProgress-svg"
                      viewBox="22 22 44 44"
                    >
                      <circle
                        className="MuiCircularProgress-circle MuiCircularProgress-circleIndeterminate"
                        cx={44}
                        cy={44}
                        fill="none"
                        r={20.2}
                        strokeWidth={3.6}
                        style={Object {}}
                      />
                    </svg>
                  </div>
                </div>
              </div>
            </div>
          </a>
        </div>
        <div
          className="MuiCardHeader-content css-1qbkelo-MuiCardHeader-content"
        >
          <span
            className="MuiTypography-root MuiTypography-body2 MuiCardHeader-title css-et1ao3-MuiTypography-root"
          >
            <div
              className="publishInfo"
            >
              <a
                className="MuiTypography-root MuiTypography-inherit MuiLink-root MuiLink-underlineNone css-1oaaite-MuiTypography-root-MuiLink-root"
                href="https://m.post.naver.com/my.naver?memberNo=15792726"
                onBlur={[Function]}
                onFocus={[Function]}
              >
                <div
                  className="publisher"
                >
                  트래비
                </div>
              </a>
              <div
                className="verticalDivider"
              />
              <div
                className="date"
              >
                2021.10.29.
              </div>
            </div>
          </span>
        </div>
        <div
          className="MuiCardHeader-action css-sgoict-MuiCardHeader-action"
        >
          <div>
            <button
              className="MuiButtonBase-root MuiIconButton-root MuiIconButton-sizeMedium css-bnzas2-MuiButtonBase-root-MuiIconButton-root"
              disabled={false}
              onBlur={[Function]}
              onClick={[Function]}
              onContextMenu={[Function]}
              onDragLeave={[Function]}
              onFocus={[Function]}
              onKeyDown={[Function]}
              onKeyUp={[Function]}
              onMouseDown={[Function]}
              onMouseLeave={[Function]}
              onMouseUp={[Function]}
              onTouchEnd={[Function]}
              onTouchMove={[Function]}
              onTouchStart={[Function]}
              style={
                Object {
                  "backgroundColor": "transparent",
                }
              }
              tabIndex={0}
              type="button"
            >
              <svg
                aria-hidden={true}
                className="MuiSvgIcon-root MuiSvgIcon-fontSizeMedium css-i4bv87-MuiSvgIcon-root"
                data-testid="2 button"
                focusable="false"
                style={
                  Object {
                    "color": "#D1D3D6",
                  }
                }
                viewBox="0 0 24 24"
              >
                <path
                  d="M12 8c1.1 0 2-.9 2-2s-.9-2-2-2-2 .9-2 2 .9 2 2 2zm0 2c-1.1 0-2 .9-2 2s.9 2 2 2 2-.9 2-2-.9-2-2-2zm0 6c-1.1 0-2 .9-2 2s.9 2 2 2 2-.9 2-2-.9-2-2-2z"
                />
              </svg>
            </button>
          </div>
        </div>
      </div>
      <div
        className="MuiCardContent-root css-n7ubfh-MuiCardContent-root"
        variant="contained"
      >
        <a
          className="MuiTypography-root MuiTypography-inherit MuiLink-root MuiLink-underlineNone css-1oaaite-MuiTypography-root-MuiLink-root"
          href="https://m.post.naver.com/viewer/postView.naver?volumeNo=32649551&memberNo=15792726&vType=VERTICAL"
          onBlur={[Function]}
          onFocus={[Function]}
        >
          <div
            className="title"
          >
            낭만과 고독 사이, 11월의 파리
          </div>
          <div
            className="contentsInfo"
          >
            <div
              className="contents"
            >
              <p>
                11월의 파리는 쌀쌀하다.소나기도 자주 내리고,흐린 날도 더러 있다.그럼에도 여행은 낭만적이다.때론 고독하기도 하고.  파리의 낭만적인, 혹은 고독한 거리 L'Horizon 120 Rue de...
              </p>
            </div>
            <div
              className="contentsImgBoarder"
            >
              <div
                style={
                  Object {
                    "backgroundColor": "#fff",
                    "paddingTop": "calc(1 / 1 * 100%)",
                    "position": "relative",
                  }
                }
              >
                <img
                  alt="content"
                  className="contentsImg"
                  height="87px"
                  onError={[Function]}
                  onLoad={[Function]}
                  src="/images/view/blog_img3.jpeg"
                  style={
                    Object {
                      "filterBrightness": 0,
                      "filterSaturate": 20,
                      "height": "100%",
                      "left": 0,
                      "objectFit": "inherit",
                      "opacity": 0,
                      "position": "absolute",
                      "top": 0,
                      "transition": "
        filterBrightness 2250ms cubic-bezier(0.4, 0.0, 0.2, 1),
        filterSaturate 3000ms cubic-bezier(0.4, 0.0, 0.2, 1),
        opacity 1500ms cubic-bezier(0.4, 0.0, 0.2, 1)",
                      "width": "100%",
                    }
                  }
                  width="87px"
                />
                <div
                  style={
                    Object {
                      "alignItems": "center",
                      "display": "flex",
                      "height": "100%",
                      "justifyContent": "center",
                      "left": 0,
                      "pointerEvents": "none",
                      "position": "absolute",
                      "top": 0,
                      "width": "100%",
                    }
                  }
                >
                  <div
                    className="MuiCircularProgress-root MuiCircularProgress-colorPrimary MuiCircularProgress-indeterminate"
                    role="progressbar"
                    style={
                      Object {
                        "height": 48,
                        "width": 48,
                      }
                    }
                  >
                    <svg
                      className="MuiCircularProgress-svg"
                      viewBox="22 22 44 44"
                    >
                      <circle
                        className="MuiCircularProgress-circle MuiCircularProgress-circleIndeterminate"
                        cx={44}
                        cy={44}
                        fill="none"
                        r={20.2}
                        strokeWidth={3.6}
                        style={Object {}}
                      />
                    </svg>
                  </div>
                </div>
              </div>
            </div>
          </div>
        </a>
      </div>
      <div
        className="MuiPaper-root MuiPaper-elevation MuiPaper-elevation0 group_option_tag_wrap css-9mq7az-MuiPaper-root"
        style={
          Object {
            "overflow": "auto",
            "paddingBottom": 18,
          }
        }
      >
        <div
          className="css-w4z10b-MuiStack-root"
          style={
            Object {
              "paddingLeft": 18,
              "paddingRight": 18,
            }
          }
        >
          <a
            className="tagButton"
            href="https://m.search.naver.com/search.naver?where=m_view&sm=mtb_viw.all&query=frparis"
          >
            #
            frparis
          </a>
          <a
            className="tagButton"
            href="https://m.search.naver.com/search.naver?where=m_view&sm=mtb_viw.all&query=%EC%9C%A0%EB%9F%BD%EC%9E%90%EC%9C%A0%EC%97%AC%ED%96%89"
          >
            #
            유럽자유여행
          </a>
          <a
            className="tagButton"
            href="https://m.search.naver.com/search.naver?where=m_view&sm=mtb_viw.all&query=%ED%94%84%EB%9E%91%EC%8A%A4%EC%97%AC%ED%96%89"
          >
            #
            프랑스여행
          </a>
          <a
            className="tagButton"
            href="https://m.search.naver.com/search.naver?where=m_view&sm=mtb_viw.all&query=%ED%8C%8C%EB%A6%AC%EC%97%AC%ED%96%89%EC%BD%94%EC%8A%A4"
          >
            #
            파리여행코스
          </a>
          <a
            className="tagButton"
            href="https://m.search.naver.com/search.naver?where=m_view&sm=mtb_viw.all&query=%ED%8C%8C%EB%A6%AC%EA%B0%80%EB%B3%BC%EB%A7%8C%ED%95%9C%EA%B3%B3"
          >
            #
            파리가볼만한곳
          </a>
          <a
            className="tagButton"
            href="https://m.search.naver.com/search.naver?where=m_view&sm=mtb_viw.all&query=%ED%8C%8C%EB%A6%AC%EB%AA%BD%EB%A7%88%EB%A5%B4%EB%9C%A8"
          >
            #
            파리몽마르뜨
          </a>
          <a
            className="tagButton"
            href="https://m.search.naver.com/search.naver?where=m_view&sm=mtb_viw.all&query=%ED%8C%8C%EB%A6%AC%EC%87%BC%ED%95%91"
          >
            #
            파리쇼핑
          </a>
        </div>
      </div>
    </div>
    <div
      className="MuiPaper-root MuiPaper-elevation MuiPaper-elevation1 MuiCard-root css-1xdevdl-MuiPaper-root-MuiCard-root"
    >
      <div
        className="MuiCardHeader-root css-cva3as-MuiCardHeader-root"
        variant="contained"
      >
        <div
          className="MuiCardHeader-avatar css-1ssile9-MuiCardHeader-avatar"
        >
          <a
            className="MuiTypography-root MuiTypography-inherit MuiLink-root MuiLink-underlineAlways css-1iwtne7-MuiTypography-root-MuiLink-root"
            href="https://in.naver.com/charla1005"
            onBlur={[Function]}
            onFocus={[Function]}
          >
            <div
              className="publisherImgBoarder"
            >
              <div
                style={
                  Object {
                    "backgroundColor": "#fff",
                    "height": "100%",
                    "objectFit": "contain",
                    "paddingTop": "calc(1 / 1 * 100%)",
                    "position": "relative",
                    "width": "100%",
                  }
                }
              >
                <img
                  alt="3 thumb"
                  className="publisherImg"
                  onError={[Function]}
                  onLoad={[Function]}
                  src="/images/view/blog_logo4.jpeg"
                  style={
                    Object {
                      "filterBrightness": 0,
                      "filterSaturate": 20,
                      "height": "100%",
                      "left": 0,
                      "objectFit": "inherit",
                      "opacity": 0,
                      "position": "absolute",
                      "top": 0,
                      "transition": "
        filterBrightness 2250ms cubic-bezier(0.4, 0.0, 0.2, 1),
        filterSaturate 3000ms cubic-bezier(0.4, 0.0, 0.2, 1),
        opacity 1500ms cubic-bezier(0.4, 0.0, 0.2, 1)",
                      "width": "100%",
                    }
                  }
                />
                <div
                  style={
                    Object {
                      "alignItems": "center",
                      "display": "flex",
                      "height": "100%",
                      "justifyContent": "center",
                      "left": 0,
                      "pointerEvents": "none",
                      "position": "absolute",
                      "top": 0,
                      "width": "100%",
                    }
                  }
                >
                  <div
                    className="MuiCircularProgress-root MuiCircularProgress-colorPrimary MuiCircularProgress-indeterminate"
                    role="progressbar"
                    style={
                      Object {
                        "height": 48,
                        "width": 48,
                      }
                    }
                  >
                    <svg
                      className="MuiCircularProgress-svg"
                      viewBox="22 22 44 44"
                    >
                      <circle
                        className="MuiCircularProgress-circle MuiCircularProgress-circleIndeterminate"
                        cx={44}
                        cy={44}
                        fill="none"
                        r={20.2}
                        strokeWidth={3.6}
                        style={Object {}}
                      />
                    </svg>
                  </div>
                </div>
              </div>
            </div>
          </a>
        </div>
        <div
          className="MuiCardHeader-content css-1qbkelo-MuiCardHeader-content"
        >
          <span
            className="MuiTypography-root MuiTypography-body2 MuiCardHeader-title css-et1ao3-MuiTypography-root"
          >
            <div
              className="publishInfo"
            >
              <a
                className="MuiTypography-root MuiTypography-inherit MuiLink-root MuiLink-underlineNone css-1oaaite-MuiTypography-root-MuiLink-root"
                href="https://in.naver.com/charla1005"
                onBlur={[Function]}
                onFocus={[Function]}
              >
                <div
                  className="publisher"
                >
                  샬라
                </div>
              </a>
              <div
                className="verticalDivider"
              />
              <div
                className="date"
              >
                2021.10.29.
              </div>
            </div>
          </span>
        </div>
        <div
          className="MuiCardHeader-action css-sgoict-MuiCardHeader-action"
        >
          <div>
            <button
              className="MuiButtonBase-root MuiIconButton-root MuiIconButton-sizeMedium css-bnzas2-MuiButtonBase-root-MuiIconButton-root"
              disabled={false}
              onBlur={[Function]}
              onClick={[Function]}
              onContextMenu={[Function]}
              onDragLeave={[Function]}
              onFocus={[Function]}
              onKeyDown={[Function]}
              onKeyUp={[Function]}
              onMouseDown={[Function]}
              onMouseLeave={[Function]}
              onMouseUp={[Function]}
              onTouchEnd={[Function]}
              onTouchMove={[Function]}
              onTouchStart={[Function]}
              style={
                Object {
                  "backgroundColor": "transparent",
                }
              }
              tabIndex={0}
              type="button"
            >
              <svg
                aria-hidden={true}
                className="MuiSvgIcon-root MuiSvgIcon-fontSizeMedium css-i4bv87-MuiSvgIcon-root"
                data-testid="3 button"
                focusable="false"
                style={
                  Object {
                    "color": "#D1D3D6",
                  }
                }
                viewBox="0 0 24 24"
              >
                <path
                  d="M12 8c1.1 0 2-.9 2-2s-.9-2-2-2-2 .9-2 2 .9 2 2 2zm0 2c-1.1 0-2 .9-2 2s.9 2 2 2 2-.9 2-2-.9-2-2-2zm0 6c-1.1 0-2 .9-2 2s.9 2 2 2 2-.9 2-2-.9-2-2-2z"
                />
              </svg>
            </button>
          </div>
        </div>
      </div>
      <div
        className="MuiCardContent-root css-n7ubfh-MuiCardContent-root"
        variant="contained"
      >
        <a
          className="MuiTypography-root MuiTypography-inherit MuiLink-root MuiLink-underlineNone css-1oaaite-MuiTypography-root-MuiLink-root"
          href="https://m.blog.naver.com/charla1005/222564450060"
          onBlur={[Function]}
          onFocus={[Function]}
        >
          <div
            className="title"
          >
            파리 자유여행 몽파르나스 전망대 야경명소
          </div>
          <div
            className="contentsInfo"
          >
            <div
              className="contents"
            >
              <p>
                파리 자유여행 몽파르나스 전망대 야경명소 2019년 11월, 딱 2년전 다녀온 파리 자유여행 :D 추울건 알고 갔지만.... 진짜 작정하고 추웠던 11월의 파리 ^_ㅜ 추운걸로 시작해서...
              </p>
            </div>
            <div
              className="contentsImgBoarder"
            >
              <div
                style={
                  Object {
                    "backgroundColor": "#fff",
                    "paddingTop": "calc(1 / 1 * 100%)",
                    "position": "relative",
                  }
                }
              >
                <img
                  alt="content"
                  className="contentsImg"
                  height="87px"
                  onError={[Function]}
                  onLoad={[Function]}
                  src="/images/view/blog_img4.png"
                  style={
                    Object {
                      "filterBrightness": 0,
                      "filterSaturate": 20,
                      "height": "100%",
                      "left": 0,
                      "objectFit": "inherit",
                      "opacity": 0,
                      "position": "absolute",
                      "top": 0,
                      "transition": "
        filterBrightness 2250ms cubic-bezier(0.4, 0.0, 0.2, 1),
        filterSaturate 3000ms cubic-bezier(0.4, 0.0, 0.2, 1),
        opacity 1500ms cubic-bezier(0.4, 0.0, 0.2, 1)",
                      "width": "100%",
                    }
                  }
                  width="87px"
                />
                <div
                  style={
                    Object {
                      "alignItems": "center",
                      "display": "flex",
                      "height": "100%",
                      "justifyContent": "center",
                      "left": 0,
                      "pointerEvents": "none",
                      "position": "absolute",
                      "top": 0,
                      "width": "100%",
                    }
                  }
                >
                  <div
                    className="MuiCircularProgress-root MuiCircularProgress-colorPrimary MuiCircularProgress-indeterminate"
                    role="progressbar"
                    style={
                      Object {
                        "height": 48,
                        "width": 48,
                      }
                    }
                  >
                    <svg
                      className="MuiCircularProgress-svg"
                      viewBox="22 22 44 44"
                    >
                      <circle
                        className="MuiCircularProgress-circle MuiCircularProgress-circleIndeterminate"
                        cx={44}
                        cy={44}
                        fill="none"
                        r={20.2}
                        strokeWidth={3.6}
                        style={Object {}}
                      />
                    </svg>
                  </div>
                </div>
              </div>
            </div>
          </div>
        </a>
      </div>
      <div
        className="MuiPaper-root MuiPaper-elevation MuiPaper-elevation0 group_option_tag_wrap css-9mq7az-MuiPaper-root"
        style={
          Object {
            "overflow": "auto",
            "paddingBottom": 18,
          }
        }
      >
        <div
          className="css-w4z10b-MuiStack-root"
          style={
            Object {
              "paddingLeft": 18,
              "paddingRight": 18,
            }
          }
        >
          <a
            className="tagButton"
            href="https://m.search.naver.com/search.naver?where=m_view&sm=mtb_viw.all&query=%EB%AA%BD%ED%8C%8C%EB%A5%B4%EB%82%98%EC%8A%A4%EC%A0%84%EB%A7%9D%EB%8C%80"
          >
            #
            몽파르나스전망대
          </a>
          <a
            className="tagButton"
            href="https://m.search.naver.com/search.naver?where=m_view&sm=mtb_viw.all&query=%ED%8C%8C%EB%A6%AC%EC%9E%90%EC%9C%A0%EC%97%AC%ED%96%89"
          >
            #
            파리자유여행
          </a>
        </div>
      </div>
    </div>
    <div
      className="MuiPaper-root MuiPaper-elevation MuiPaper-elevation1 MuiCard-root css-1xdevdl-MuiPaper-root-MuiCard-root"
    >
      <div
        className="MuiCardHeader-root css-cva3as-MuiCardHeader-root"
        variant="contained"
      >
        <div
          className="MuiCardHeader-avatar css-1ssile9-MuiCardHeader-avatar"
        >
          <a
            className="MuiTypography-root MuiTypography-inherit MuiLink-root MuiLink-underlineAlways css-1iwtne7-MuiTypography-root-MuiLink-root"
            href="https://m.blog.naver.com/ghdtlr1130"
            onBlur={[Function]}
            onFocus={[Function]}
          >
            <div
              className="publisherImgBoarder"
            >
              <div
                style={
                  Object {
                    "backgroundColor": "#fff",
                    "height": "100%",
                    "objectFit": "contain",
                    "paddingTop": "calc(1 / 1 * 100%)",
                    "position": "relative",
                    "width": "100%",
                  }
                }
              >
                <img
                  alt="4 thumb"
                  className="publisherImg"
                  onError={[Function]}
                  onLoad={[Function]}
                  src="/images/view/blog_logo5.jpeg"
                  style={
                    Object {
                      "filterBrightness": 0,
                      "filterSaturate": 20,
                      "height": "100%",
                      "left": 0,
                      "objectFit": "inherit",
                      "opacity": 0,
                      "position": "absolute",
                      "top": 0,
                      "transition": "
        filterBrightness 2250ms cubic-bezier(0.4, 0.0, 0.2, 1),
        filterSaturate 3000ms cubic-bezier(0.4, 0.0, 0.2, 1),
        opacity 1500ms cubic-bezier(0.4, 0.0, 0.2, 1)",
                      "width": "100%",
                    }
                  }
                />
                <div
                  style={
                    Object {
                      "alignItems": "center",
                      "display": "flex",
                      "height": "100%",
                      "justifyContent": "center",
                      "left": 0,
                      "pointerEvents": "none",
                      "position": "absolute",
                      "top": 0,
                      "width": "100%",
                    }
                  }
                >
                  <div
                    className="MuiCircularProgress-root MuiCircularProgress-colorPrimary MuiCircularProgress-indeterminate"
                    role="progressbar"
                    style={
                      Object {
                        "height": 48,
                        "width": 48,
                      }
                    }
                  >
                    <svg
                      className="MuiCircularProgress-svg"
                      viewBox="22 22 44 44"
                    >
                      <circle
                        className="MuiCircularProgress-circle MuiCircularProgress-circleIndeterminate"
                        cx={44}
                        cy={44}
                        fill="none"
                        r={20.2}
                        strokeWidth={3.6}
                        style={Object {}}
                      />
                    </svg>
                  </div>
                </div>
              </div>
            </div>
          </a>
        </div>
        <div
          className="MuiCardHeader-content css-1qbkelo-MuiCardHeader-content"
        >
          <span
            className="MuiTypography-root MuiTypography-body2 MuiCardHeader-title css-et1ao3-MuiTypography-root"
          >
            <div
              className="publishInfo"
            >
              <a
                className="MuiTypography-root MuiTypography-inherit MuiLink-root MuiLink-underlineNone css-1oaaite-MuiTypography-root-MuiLink-root"
                href="https://m.blog.naver.com/ghdtlr1130"
                onBlur={[Function]}
                onFocus={[Function]}
              >
                <div
                  className="publisher"
                >
                  레이디마마
                </div>
              </a>
              <div
                className="verticalDivider"
              />
              <div
                className="date"
              >
                2021.11.16.
              </div>
            </div>
          </span>
        </div>
        <div
          className="MuiCardHeader-action css-sgoict-MuiCardHeader-action"
        >
          <div>
            <button
              className="MuiButtonBase-root MuiIconButton-root MuiIconButton-sizeMedium css-bnzas2-MuiButtonBase-root-MuiIconButton-root"
              disabled={false}
              onBlur={[Function]}
              onClick={[Function]}
              onContextMenu={[Function]}
              onDragLeave={[Function]}
              onFocus={[Function]}
              onKeyDown={[Function]}
              onKeyUp={[Function]}
              onMouseDown={[Function]}
              onMouseLeave={[Function]}
              onMouseUp={[Function]}
              onTouchEnd={[Function]}
              onTouchMove={[Function]}
              onTouchStart={[Function]}
              style={
                Object {
                  "backgroundColor": "transparent",
                }
              }
              tabIndex={0}
              type="button"
            >
              <svg
                aria-hidden={true}
                className="MuiSvgIcon-root MuiSvgIcon-fontSizeMedium css-i4bv87-MuiSvgIcon-root"
                data-testid="4 button"
                focusable="false"
                style={
                  Object {
                    "color": "#D1D3D6",
                  }
                }
                viewBox="0 0 24 24"
              >
                <path
                  d="M12 8c1.1 0 2-.9 2-2s-.9-2-2-2-2 .9-2 2 .9 2 2 2zm0 2c-1.1 0-2 .9-2 2s.9 2 2 2 2-.9 2-2-.9-2-2-2zm0 6c-1.1 0-2 .9-2 2s.9 2 2 2 2-.9 2-2-.9-2-2-2z"
                />
              </svg>
            </button>
          </div>
        </div>
      </div>
      <div
        className="MuiCardContent-root css-n7ubfh-MuiCardContent-root"
        variant="contained"
      >
        <a
          className="MuiTypography-root MuiTypography-inherit MuiLink-root MuiLink-underlineNone css-1oaaite-MuiTypography-root-MuiLink-root"
          href="https://m.blog.naver.com/ghdtlr1130/222573197981"
          onBlur={[Function]}
          onFocus={[Function]}
        >
          <div
            className="title"
          >
            프랑스 파리 Paris- Versailles베르사유, bateau mouche바토무슈, Eiffel Tower에펠탑 (2021.09....
          </div>
          <div
            className="contentsInfo"
          >
            <div
              className="contents"
            >
              <p>
                모두의 로망 파리~ 아닌가? 유로스타를 타려고 했는데, 몇개월전에 미리 예약하면... 차타고 런던에서 파리가기! eurotunnel 유로터널. 언젠가는 가봐야지했는데 바로 가게되다니. 차를...
              </p>
            </div>
            <div
              className="contentsImgBoarder"
            >
              <div
                style={
                  Object {
                    "backgroundColor": "#fff",
                    "paddingTop": "calc(1 / 1 * 100%)",
                    "position": "relative",
                  }
                }
              >
                <img
                  alt="content"
                  className="contentsImg"
                  height="87px"
                  onError={[Function]}
                  onLoad={[Function]}
                  src="/images/view/blog_img5.png"
                  style={
                    Object {
                      "filterBrightness": 0,
                      "filterSaturate": 20,
                      "height": "100%",
                      "left": 0,
                      "objectFit": "inherit",
                      "opacity": 0,
                      "position": "absolute",
                      "top": 0,
                      "transition": "
        filterBrightness 2250ms cubic-bezier(0.4, 0.0, 0.2, 1),
        filterSaturate 3000ms cubic-bezier(0.4, 0.0, 0.2, 1),
        opacity 1500ms cubic-bezier(0.4, 0.0, 0.2, 1)",
                      "width": "100%",
                    }
                  }
                  width="87px"
                />
                <div
                  style={
                    Object {
                      "alignItems": "center",
                      "display": "flex",
                      "height": "100%",
                      "justifyContent": "center",
                      "left": 0,
                      "pointerEvents": "none",
                      "position": "absolute",
                      "top": 0,
                      "width": "100%",
                    }
                  }
                >
                  <div
                    className="MuiCircularProgress-root MuiCircularProgress-colorPrimary MuiCircularProgress-indeterminate"
                    role="progressbar"
                    style={
                      Object {
                        "height": 48,
                        "width": 48,
                      }
                    }
                  >
                    <svg
                      className="MuiCircularProgress-svg"
                      viewBox="22 22 44 44"
                    >
                      <circle
                        className="MuiCircularProgress-circle MuiCircularProgress-circleIndeterminate"
                        cx={44}
                        cy={44}
                        fill="none"
                        r={20.2}
                        strokeWidth={3.6}
                        style={Object {}}
                      />
                    </svg>
                  </div>
                </div>
              </div>
            </div>
          </div>
        </a>
      </div>
      <div
        className="MuiPaper-root MuiPaper-elevation MuiPaper-elevation0 group_option_tag_wrap css-9mq7az-MuiPaper-root"
        style={
          Object {
            "overflow": "auto",
            "paddingBottom": 18,
          }
        }
      >
        <div
          className="css-w4z10b-MuiStack-root"
          style={
            Object {
              "paddingLeft": 18,
              "paddingRight": 18,
            }
          }
        >
          <a
            className="tagButton"
            href="https://m.search.naver.com/search.naver?where=m_view&sm=mtb_viw.all&query=%ED%8C%8C%EB%A6%AC"
          >
            #
            파리
          </a>
          <a
            className="tagButton"
            href="https://m.search.naver.com/search.naver?where=m_view&sm=mtb_viw.all&query=%ED%8C%8C%EB%A6%AC%EC%97%AC%ED%96%89"
          >
            #
            파리여행
          </a>
          <a
            className="tagButton"
            href="https://m.search.naver.com/search.naver?where=m_view&sm=mtb_viw.all&query=Paris"
          >
            #
            Paris
          </a>
          <a
            className="tagButton"
            href="https://m.search.naver.com/search.naver?where=m_view&sm=mtb_viw.all&query=versailles"
          >
            #
            versailles
          </a>
          <a
            className="tagButton"
            href="https://m.search.naver.com/search.naver?where=m_view&sm=mtb_viw.all&query=%EB%B0%94%ED%86%A0%EB%AC%B4%EC%8A%88"
          >
            #
            바토무슈
          </a>
          <a
            className="tagButton"
            href="https://m.search.naver.com/search.naver?where=m_view&sm=mtb_viw.all&query=%EC%97%90%ED%8E%A0%ED%83%91"
          >
            #
            에펠탑
          </a>
          <a
            className="tagButton"
            href="https://m.search.naver.com/search.naver?where=m_view&sm=mtb_viw.all&query=Eiffeltower"
          >
            #
            Eiffeltower
          </a>
          <a
            className="tagButton"
            href="https://m.search.naver.com/search.naver?where=m_view&sm=mtb_viw.all&query=eurotunnel"
          >
            #
            eurotunnel
          </a>
          <a
            className="tagButton"
            href="https://m.search.naver.com/search.naver?where=m_view&sm=mtb_viw.all&query=%EC%9C%A0%EB%A1%9C%ED%84%B0%EB%84%90"
          >
            #
            유로터널
          </a>
          <a
            className="tagButton"
            href="https://m.search.naver.com/search.naver?where=m_view&sm=mtb_viw.all&query=%EC%B0%A8%ED%83%80%EA%B3%A0%ED%8C%8C%EB%A6%AC%EA%B0%80%EA%B8%B0"
          >
            #
            차타고파리가기
          </a>
        </div>
      </div>
      <div
        className="linkArea"
      >
        <div
          className="linkLine"
        >
          <a
            href="https://m.blog.naver.com/ghdtlr1130/222573282965"
          >
            프랑스 파리 Paris- 몽마르뜨 언덕,루브르,튈리르가든,콩코드광장,개선문,에펠탑 (2021.09.11~09.12)(#파리 #파리여행)
             
            <br />
          </a>
        </div>
      </div>
    </div>
  </div>,
  <a
    className="MuiTypography-root MuiTypography-inherit MuiLink-root MuiLink-underlineNone css-1oaaite-MuiTypography-root-MuiLink-root"
    href="https://m.search.naver.com/search.naver?where=m_view&sm=mtb_nrm&query=%ED%8C%8C%EB%A6%AC&mode=normal&nso="
    onBlur={[Function]}
    onFocus={[Function]}
  >
    <div
      className="MuiPaper-root MuiPaper-elevation MuiPaper-rounded MuiPaper-elevation1 css-96237p-MuiPaper-root"
      style={
        Object {
          "backgroundColor": "#f4f7f8",
          "borderRadius": 0,
          "height": 50,
        }
      }
    >
      <div
        className="moreContentInfo"
      >
        VIEW
         더보기
        <img
          alt="arrow"
          className="img"
          src="/icons/forward_arrow.svg"
        />
      </div>
    </div>
  </a>,
]
`;
